Archive member included to satisfy reference by file (symbol)

C:/Users/52716/Downloads/arm-gnu-toolchain-13.2.rel1-mingw-w64-i686-arm-none-eabi/arm-gnu-toolchain-13.2.Rel1-mingw-w64-i686-arm-none-eabi/bin/../lib/gcc/arm-none-eabi/13.2.1/thumb/v7e-m/nofp\libgcc.a(_aeabi_uldivmod.o)
                              CMakeFiles/untitled2.elf.dir/Drivers/STM32F4xx_HAL_Driver/Src/stm32f4xx_hal_rcc.c.obj (__aeabi_uldivmod)
C:/Users/52716/Downloads/arm-gnu-toolchain-13.2.rel1-mingw-w64-i686-arm-none-eabi/arm-gnu-toolchain-13.2.Rel1-mingw-w64-i686-arm-none-eabi/bin/../lib/gcc/arm-none-eabi/13.2.1/thumb/v7e-m/nofp\libgcc.a(_udivmoddi4.o)
                              C:/Users/52716/Downloads/arm-gnu-toolchain-13.2.rel1-mingw-w64-i686-arm-none-eabi/arm-gnu-toolchain-13.2.Rel1-mingw-w64-i686-arm-none-eabi/bin/../lib/gcc/arm-none-eabi/13.2.1/thumb/v7e-m/nofp\libgcc.a(_aeabi_uldivmod.o) (__udivmoddi4)
C:/Users/52716/Downloads/arm-gnu-toolchain-13.2.rel1-mingw-w64-i686-arm-none-eabi/arm-gnu-toolchain-13.2.Rel1-mingw-w64-i686-arm-none-eabi/bin/../lib/gcc/arm-none-eabi/13.2.1/thumb/v7e-m/nofp\libgcc.a(_dvmd_tls.o)
                              C:/Users/52716/Downloads/arm-gnu-toolchain-13.2.rel1-mingw-w64-i686-arm-none-eabi/arm-gnu-toolchain-13.2.Rel1-mingw-w64-i686-arm-none-eabi/bin/../lib/gcc/arm-none-eabi/13.2.1/thumb/v7e-m/nofp\libgcc.a(_aeabi_uldivmod.o) (__aeabi_ldiv0)
C:/Users/52716/Downloads/arm-gnu-toolchain-13.2.rel1-mingw-w64-i686-arm-none-eabi/arm-gnu-toolchain-13.2.Rel1-mingw-w64-i686-arm-none-eabi/bin/../lib/gcc/arm-none-eabi/13.2.1/thumb/v7e-m/nofp\libg.a(libc_a-exit.o)
                              C:/Users/52716/Downloads/arm-gnu-toolchain-13.2.rel1-mingw-w64-i686-arm-none-eabi/arm-gnu-toolchain-13.2.Rel1-mingw-w64-i686-arm-none-eabi/bin/../lib/gcc/arm-none-eabi/13.2.1/thumb/v7e-m/nofp/crt0.o (exit)
C:/Users/52716/Downloads/arm-gnu-toolchain-13.2.rel1-mingw-w64-i686-arm-none-eabi/arm-gnu-toolchain-13.2.Rel1-mingw-w64-i686-arm-none-eabi/bin/../lib/gcc/arm-none-eabi/13.2.1/thumb/v7e-m/nofp\libg.a(libc_a-findfp.o)
                              C:/Users/52716/Downloads/arm-gnu-toolchain-13.2.rel1-mingw-w64-i686-arm-none-eabi/arm-gnu-toolchain-13.2.Rel1-mingw-w64-i686-arm-none-eabi/bin/../lib/gcc/arm-none-eabi/13.2.1/thumb/v7e-m/nofp\libg.a(libc_a-exit.o) (__stdio_exit_handler)
C:/Users/52716/Downloads/arm-gnu-toolchain-13.2.rel1-mingw-w64-i686-arm-none-eabi/arm-gnu-toolchain-13.2.Rel1-mingw-w64-i686-arm-none-eabi/bin/../lib/gcc/arm-none-eabi/13.2.1/thumb/v7e-m/nofp\libg.a(libc_a-fwalk.o)
                              C:/Users/52716/Downloads/arm-gnu-toolchain-13.2.rel1-mingw-w64-i686-arm-none-eabi/arm-gnu-toolchain-13.2.Rel1-mingw-w64-i686-arm-none-eabi/bin/../lib/gcc/arm-none-eabi/13.2.1/thumb/v7e-m/nofp\libg.a(libc_a-findfp.o) (_fwalk_sglue)
C:/Users/52716/Downloads/arm-gnu-toolchain-13.2.rel1-mingw-w64-i686-arm-none-eabi/arm-gnu-toolchain-13.2.Rel1-mingw-w64-i686-arm-none-eabi/bin/../lib/gcc/arm-none-eabi/13.2.1/thumb/v7e-m/nofp\libg.a(libc_a-stdio.o)
                              C:/Users/52716/Downloads/arm-gnu-toolchain-13.2.rel1-mingw-w64-i686-arm-none-eabi/arm-gnu-toolchain-13.2.Rel1-mingw-w64-i686-arm-none-eabi/bin/../lib/gcc/arm-none-eabi/13.2.1/thumb/v7e-m/nofp\libg.a(libc_a-findfp.o) (__sread)
C:/Users/52716/Downloads/arm-gnu-toolchain-13.2.rel1-mingw-w64-i686-arm-none-eabi/arm-gnu-toolchain-13.2.Rel1-mingw-w64-i686-arm-none-eabi/bin/../lib/gcc/arm-none-eabi/13.2.1/thumb/v7e-m/nofp\libg.a(libc_a-memset.o)
                              C:/Users/52716/Downloads/arm-gnu-toolchain-13.2.rel1-mingw-w64-i686-arm-none-eabi/arm-gnu-toolchain-13.2.Rel1-mingw-w64-i686-arm-none-eabi/bin/../lib/gcc/arm-none-eabi/13.2.1/thumb/v7e-m/nofp/crt0.o (memset)
C:/Users/52716/Downloads/arm-gnu-toolchain-13.2.rel1-mingw-w64-i686-arm-none-eabi/arm-gnu-toolchain-13.2.Rel1-mingw-w64-i686-arm-none-eabi/bin/../lib/gcc/arm-none-eabi/13.2.1/thumb/v7e-m/nofp\libg.a(libc_a-closer.o)
                              C:/Users/52716/Downloads/arm-gnu-toolchain-13.2.rel1-mingw-w64-i686-arm-none-eabi/arm-gnu-toolchain-13.2.Rel1-mingw-w64-i686-arm-none-eabi/bin/../lib/gcc/arm-none-eabi/13.2.1/thumb/v7e-m/nofp\libg.a(libc_a-stdio.o) (_close_r)
C:/Users/52716/Downloads/arm-gnu-toolchain-13.2.rel1-mingw-w64-i686-arm-none-eabi/arm-gnu-toolchain-13.2.Rel1-mingw-w64-i686-arm-none-eabi/bin/../lib/gcc/arm-none-eabi/13.2.1/thumb/v7e-m/nofp\libg.a(libc_a-reent.o)
                              C:/Users/52716/Downloads/arm-gnu-toolchain-13.2.rel1-mingw-w64-i686-arm-none-eabi/arm-gnu-toolchain-13.2.Rel1-mingw-w64-i686-arm-none-eabi/bin/../lib/gcc/arm-none-eabi/13.2.1/thumb/v7e-m/nofp\libg.a(libc_a-closer.o) (errno)
C:/Users/52716/Downloads/arm-gnu-toolchain-13.2.rel1-mingw-w64-i686-arm-none-eabi/arm-gnu-toolchain-13.2.Rel1-mingw-w64-i686-arm-none-eabi/bin/../lib/gcc/arm-none-eabi/13.2.1/thumb/v7e-m/nofp\libg.a(libc_a-impure.o)
[...]
Memory Configuration

Name             Origin             Length             Attributes
CCMRAM           0x10000000         0x00010000         xrw
RAM              0x20000000         0x00020000         xrw
FLASH            0x08000000         0x00100000         xr
*default*        0x00000000         0xffffffff

Linker script and memory map

LOAD C:/Users/52716/Downloads/arm-gnu-toolchain-13.2.rel1-mingw-w64-i686-arm-none-eabi/arm-gnu-toolchain-13.2.Rel1-mingw-w64-i686-arm-none-eabi/bin/../lib/gcc/arm-none-eabi/13.2.1/thumb/v7e-m/nofp/crti.o
LOAD C:/Users/52716/Downloads/arm-gnu-toolchain-13.2.rel1-mingw-w64-i686-arm-none-eabi/arm-gnu-toolchain-13.2.Rel1-mingw-w64-i686-arm-none-eabi/bin/../lib/gcc/arm-none-eabi/13.2.1/thumb/v7e-m/nofp/crtbegin.o
LOAD C:/Users/52716/Downloads/arm-gnu-toolchain-13.2.rel1-mingw-w64-i686-arm-none-eabi/arm-gnu-toolchain-13.2.Rel1-mingw-w64-i686-arm-none-eabi/bin/../lib/gcc/arm-none-eabi/13.2.1/thumb/v7e-m/nofp/crt0.o
LOAD CMakeFiles/untitled2.elf.dir/Core/Src/adc.c.obj
LOAD CMakeFiles/untitled2.elf.dir/Core/Src/can.c.obj
LOAD CMakeFiles/untitled2.elf.dir/Core/Src/dma.c.obj
LOAD CMakeFiles/untitled2.elf.dir/Core/Src/gpio.c.obj
LOAD CMakeFiles/untitled2.elf.dir/Core/Src/main.c.obj
LOAD CMakeFiles/untitled2.elf.dir/Core/Src/spi.c.obj
LOAD CMakeFiles/untitled2.elf.dir/Core/Src/stm32f4xx_hal_msp.c.obj
LOAD CMakeFiles/untitled2.elf.dir/Core/Src/stm32f4xx_it.c.obj
LOAD CMakeFiles/untitled2.elf.dir/Core/Src/syscalls.c.obj
LOAD CMakeFiles/untitled2.elf.dir/Core/Src/sysmem.c.obj
LOAD CMakeFiles/untitled2.elf.dir/Core/Src/system_stm32f4xx.c.obj
LOAD CMakeFiles/untitled2.elf.dir/Core/Src/tim.c.obj
LOAD CMakeFiles/untitled2.elf.dir/Core/Src/usart.c.obj
LOAD CMakeFiles/untitled2.elf.dir/Core/Startup/startup_stm32f407ighx.s.obj
LOAD CMakeFiles/untitled2.elf.dir/Drivers/STM32F4xx_HAL_Driver/Src/stm32f4xx_hal.c.obj
LOAD CMakeFiles/untitled2.elf.dir/Drivers/STM32F4xx_HAL_Driver/Src/stm32f4xx_hal_adc.c.obj
LOAD CMakeFiles/untitled2.elf.dir/Drivers/STM32F4xx_HAL_Driver/Src/stm32f4xx_hal_adc_ex.c.obj
LOAD CMakeFiles/untitled2.elf.dir/Drivers/STM32F4xx_HAL_Driver/Src/stm32f4xx_hal_can.c.obj
LOAD CMakeFiles/untitled2.elf.dir/Drivers/STM32F4xx_HAL_Driver/Src/stm32f4xx_hal_cortex.c.obj
LOAD CMakeFiles/untitled2.elf.dir/Drivers/STM32F4xx_HAL_Driver/Src/stm32f4xx_hal_dma.c.obj
LOAD CMakeFiles/untitled2.elf.dir/Drivers/STM32F4xx_HAL_Driver/Src/stm32f4xx_hal_dma_ex.c.obj
LOAD CMakeFiles/untitled2.elf.dir/Drivers/STM32F4xx_HAL_Driver/Src/stm32f4xx_hal_exti.c.obj
LOAD CMakeFiles/untitled2.elf.dir/Drivers/STM32F4xx_HAL_Driver/Src/stm32f4xx_hal_flash.c.obj
LOAD CMakeFiles/untitled2.elf.dir/Drivers/STM32F4xx_HAL_Driver/Src/stm32f4xx_hal_flash_ex.c.obj
LOAD CMakeFiles/untitled2.elf.dir/Drivers/STM32F4xx_HAL_Driver/Src/stm32f4xx_hal_flash_ramfunc.c.obj
LOAD CMakeFiles/untitled2.elf.dir/Drivers/STM32F4xx_HAL_Driver/Src/stm32f4xx_hal_gpio.c.obj
LOAD CMakeFiles/untitled2.elf.dir/Drivers/STM32F4xx_HAL_Driver/Src/stm32f4xx_hal_pwr.c.obj
LOAD CMakeFiles/untitled2.elf.dir/Drivers/STM32F4xx_HAL_Driver/Src/stm32f4xx_hal_pwr_ex.c.obj
LOAD CMakeFiles/untitled2.elf.dir/Drivers/STM32F4xx_HAL_Driver/Src/stm32f4xx_hal_rcc.c.obj
LOAD CMakeFiles/untitled2.elf.dir/Drivers/STM32F4xx_HAL_Driver/Src/stm32f4xx_hal_rcc_ex.c.obj
LOAD CMakeFiles/untitled2.elf.dir/Drivers/STM32F4xx_HAL_Driver/Src/stm32f4xx_hal_spi.c.obj
LOAD CMakeFiles/untitled2.elf.dir/Drivers/STM32F4xx_HAL_Driver/Src/stm32f4xx_hal_tim.c.obj
LOAD CMakeFiles/untitled2.elf.dir/Drivers/STM32F4xx_HAL_Driver/Src/stm32f4xx_hal_tim_ex.c.obj
LOAD CMakeFiles/untitled2.elf.dir/Drivers/STM32F4xx_HAL_Driver/Src/stm32f4xx_hal_uart.c.obj
LOAD CMakeFiles/untitled2.elf.dir/Drivers/STM32F4xx_HAL_Driver/Src/stm32f4xx_ll_adc.c.obj
START GROUP
LOAD C:/Users/52716/Downloads/arm-gnu-toolchain-13.2.rel1-mingw-w64-i686-arm-none-eabi/arm-gnu-toolchain-13.2.Rel1-mingw-w64-i686-arm-none-eabi/bin/../lib/gcc/arm-none-eabi/13.2.1/thumb/v7e-m/nofp\libgcc.a
LOAD C:/Users/52716/Downloads/arm-gnu-toolchain-13.2.rel1-mingw-w64-i686-arm-none-eabi/arm-gnu-toolchain-13.2.Rel1-mingw-w64-i686-arm-none-eabi/bin/../lib/gcc/arm-none-eabi/13.2.1/thumb/v7e-m/nofp\libg.a
LOAD C:/Users/52716/Downloads/arm-gnu-toolchain-13.2.rel1-mingw-w64-i686-arm-none-eabi/arm-gnu-toolchain-13.2.Rel1-mingw-w64-i686-arm-none-eabi/bin/../lib/gcc/arm-none-eabi/13.2.1/thumb/v7e-m/nofp\libc.a
END GROUP
LOAD C:/Users/52716/Downloads/arm-gnu-toolchain-13.2.rel1-mingw-w64-i686-arm-none-eabi/arm-gnu-toolchain-13.2.Rel1-mingw-w64-i686-arm-none-eabi/bin/../lib/gcc/arm-none-eabi/13.2.1/thumb/v7e-m/nofp/crtend.o
LOAD C:/Users/52716/Downloads/arm-gnu-toolchain-13.2.rel1-mingw-w64-i686-arm-none-eabi/arm-gnu-toolchain-13.2.Rel1-mingw-w64-i686-arm-none-eabi/bin/../lib/gcc/arm-none-eabi/13.2.1/thumb/v7e-m/nofp/crtn.o
                0x20020000                        _estack = (ORIGIN (RAM) + LENGTH (RAM))
                0x00001000                        _Min_Heap_Size = 0x1000
                0x00002000                        _Min_Stack_Size = 0x2000

.isr_vector     0x08000000      0x188
                0x08000000                        . = ALIGN (0x4)
 *(.isr_vector)
 .isr_vector    0x08000000      0x188 CMakeFiles/untitled2.elf.dir/Core/Startup/startup_stm32f407ighx.s.obj
                0x08000000                g_pfnVectors
                0x08000188                        . = ALIGN (0x4)

.text           0x08000188     0x3424
                0x08000188                        . = ALIGN (0x4)
 *(.text)
 .text          0x08000188       0x30 C:/Users/52716/Downloads/arm-gnu-toolchain-13.2.rel1-mingw-w64-i686-arm-none-eabi/arm-gnu-toolchain-13.2.Rel1-mingw-w64-i686-arm-none-eabi/bin/../lib/gcc/arm-none-eabi/13.2.1/thumb/v7e-m/nofp\libgcc.a(_aeabi_uldivmod.o)
                0x08000188                __aeabi_uldivmod
 .text          0x080001b8        0x4 C:/Users/52716/Downloads/arm-gnu-toolchain-13.2.rel1-mingw-w64-i686-arm-none-eabi/arm-gnu-toolchain-13.2.Rel1-mingw-w64-i686-arm-none-eabi/bin/../lib/gcc/arm-none-eabi/13.2.1/thumb/v7e-m/nofp\libgcc.a(_dvmd_tls.o)
                0x080001b8                __aeabi_idiv0
                0x080001b8                __aeabi_ldiv0
 *(.text*)
 .text.deregister_tm_clones
                0x080001bc       0x1c C:/Users/52716/Downloads/arm-gnu-toolchain-13.2.rel1-mingw-w64-i686-arm-none-eabi/arm-gnu-toolchain-13.2.Rel1-mingw-w64-i686-arm-none-eabi/bin/../lib/gcc/arm-none-eabi/13.2.1/thumb/v7e-m/nofp/crtbegin.o
 .text.register_tm_clones
                0x080001d8       0x24 C:/Users/52716/Downloads/arm-gnu-toolchain-13.2.rel1-mingw-w64-i686-arm-none-eabi/arm-gnu-toolchain-13.2.Rel1-mingw-w64-i686-arm-none-eabi/bin/../lib/gcc/arm-none-eabi/13.2.1/thumb/v7e-m/nofp/crtbegin.o
 .text.__do_global_dtors_aux
                0x080001fc       0x28 C:/Users/52716/Downloads/arm-gnu-toolchain-13.2.rel1-mingw-w64-i686-arm-none-eabi/arm-gnu-toolchain-13.2.Rel1-mingw-w64-i686-arm-none-eabi/bin/../lib/gcc/arm-none-eabi/13.2.1/thumb/v7e-m/nofp/crtbegin.o
 .text.frame_dummy
                0x08000224       0x24 C:/Users/52716/Downloads/arm-gnu-toolchain-13.2.rel1-mingw-w64-i686-arm-none-eabi/arm-gnu-toolchain-13.2.Rel1-mingw-w64-i686-arm-none-eabi/bin/../lib/gcc/arm-none-eabi/13.2.1/thumb/v7e-m/nofp/crtbegin.o
 .text.MX_ADC3_Init
                0x08000248       0x74 CMakeFiles/untitled2.elf.dir/Core/Src/adc.c.obj
                0x08000248                MX_ADC3_Init
 .text.HAL_ADC_MspInit
                0x080002bc       0x78 CMakeFiles/untitled2.elf.dir/Core/Src/adc.c.obj
                0x080002bc                HAL_ADC_MspInit
 .text.MX_CAN1_Init
                0x08000334       0x3c CMakeFiles/untitled2.elf.dir/Core/Src/can.c.obj
                0x08000334                MX_CAN1_Init
 .text.MX_CAN2_Init
                0x08000370       0x3c CMakeFiles/untitled2.elf.dir/Core/Src/can.c.obj
                0x08000370                MX_CAN2_Init
 .text.HAL_CAN_MspInit
                0x080003ac      0x120 CMakeFiles/untitled2.elf.dir/Core/Src/can.c.obj
                0x080003ac                HAL_CAN_MspInit
 .text.MX_DMA_Init
                0x080004cc       0x64 CMakeFiles/untitled2.elf.dir/Core/Src/dma.c.obj
                0x080004cc                MX_DMA_Init
 .text.MX_GPIO_Init
                0x08000530      0x158 CMakeFiles/untitled2.elf.dir/Core/Src/gpio.c.obj
                0x08000530                MX_GPIO_Init
 .text.Error_Handler
                0x08000688        0x4 CMakeFiles/untitled2.elf.dir/Core/Src/main.c.obj
                0x08000688                Error_Handler
 .text.SystemClock_Config
                0x0800068c       0xa4 CMakeFiles/untitled2.elf.dir/Core/Src/main.c.obj
                0x0800068c                SystemClock_Config
 .text.main     0x08000730       0x48 CMakeFiles/untitled2.elf.dir/Core/Src/main.c.obj
                0x08000730                main
 .text.MX_SPI1_Init
                0x08000778       0x40 CMakeFiles/untitled2.elf.dir/Core/Src/spi.c.obj
                0x08000778                MX_SPI1_Init
 .text.HAL_SPI_MspInit
                0x080007b8       0x98 CMakeFiles/untitled2.elf.dir/Core/Src/spi.c.obj
                0x080007b8                HAL_SPI_MspInit
 .text.HAL_MspInit
                0x08000850       0x38 CMakeFiles/untitled2.elf.dir/Core/Src/stm32f4xx_hal_msp.c.obj
                0x08000850                HAL_MspInit
 .text.NMI_Handler
                0x08000888        0x2 CMakeFiles/untitled2.elf.dir/Core/Src/stm32f4xx_it.c.obj
                0x08000888                NMI_Handler
 .text.HardFault_Handler
                0x0800088a        0x2 CMakeFiles/untitled2.elf.dir/Core/Src/stm32f4xx_it.c.obj
                0x0800088a                HardFault_Handler
 .text.MemManage_Handler
                0x0800088c        0x2 CMakeFiles/untitled2.elf.dir/Core/Src/stm32f4xx_it.c.obj
                0x0800088c                MemManage_Handler
 .text.BusFault_Handler
                0x0800088e        0x2 CMakeFiles/untitled2.elf.dir/Core/Src/stm32f4xx_it.c.obj
                0x0800088e                BusFault_Handler
 .text.UsageFault_Handler
                0x08000890        0x2 CMakeFiles/untitled2.elf.dir/Core/Src/stm32f4xx_it.c.obj
                0x08000890                UsageFault_Handler
 .text.SVC_Handler
                0x08000892        0x2 CMakeFiles/untitled2.elf.dir/Core/Src/stm32f4xx_it.c.obj
                0x08000892                SVC_Handler
 .text.DebugMon_Handler
                0x08000894        0x2 CMakeFiles/untitled2.elf.dir/Core/Src/stm32f4xx_it.c.obj
                0x08000894                DebugMon_Handler
 .text.PendSV_Handler
                0x08000896        0x2 CMakeFiles/untitled2.elf.dir/Core/Src/stm32f4xx_it.c.obj
                0x08000896                PendSV_Handler
 .text.SysTick_Handler
                0x08000898        0x8 CMakeFiles/untitled2.elf.dir/Core/Src/stm32f4xx_it.c.obj
                0x08000898                SysTick_Handler
 .text.ADC_IRQHandler
                0x080008a0       0x10 CMakeFiles/untitled2.elf.dir/Core/Src/stm32f4xx_it.c.obj
                0x080008a0                ADC_IRQHandler
 .text.CAN1_TX_IRQHandler
                0x080008b0       0x10 CMakeFiles/untitled2.elf.dir/Core/Src/stm32f4xx_it.c.obj
                0x080008b0                CAN1_TX_IRQHandler
 .text.DMA2_Stream1_IRQHandler
                0x080008c0       0x10 CMakeFiles/untitled2.elf.dir/Core/Src/stm32f4xx_it.c.obj
                0x080008c0                DMA2_Stream1_IRQHandler
 .text.DMA2_Stream2_IRQHandler
                0x080008d0       0x10 CMakeFiles/untitled2.elf.dir/Core/Src/stm32f4xx_it.c.obj
                0x080008d0                DMA2_Stream2_IRQHandler
 .text.CAN2_TX_IRQHandler
                0x080008e0       0x10 CMakeFiles/untitled2.elf.dir/Core/Src/stm32f4xx_it.c.obj
                0x080008e0                CAN2_TX_IRQHandler
 .text.DMA2_Stream6_IRQHandler
                0x080008f0       0x10 CMakeFiles/untitled2.elf.dir/Core/Src/stm32f4xx_it.c.obj
                0x080008f0                DMA2_Stream6_IRQHandler
 .text.DMA2_Stream7_IRQHandler
                0x08000900       0x10 CMakeFiles/untitled2.elf.dir/Core/Src/stm32f4xx_it.c.obj
                0x08000900                DMA2_Stream7_IRQHandler
 .text.SystemInit
                0x08000910        0x2 CMakeFiles/untitled2.elf.dir/Core/Src/system_stm32f4xx.c.obj
                0x08000910                SystemInit
 *fill*         0x08000912        0x2 
 .text.MX_TIM6_Init
                0x08000914       0x4c CMakeFiles/untitled2.elf.dir/Core/Src/tim.c.obj
                0x08000914                MX_TIM6_Init
 .text.MX_TIM7_Init
                0x08000960       0x4c CMakeFiles/untitled2.elf.dir/Core/Src/tim.c.obj
                0x08000960                MX_TIM7_Init
 .text.HAL_TIM_Base_MspInit
                0x080009ac       0xe4 CMakeFiles/untitled2.elf.dir/Core/Src/tim.c.obj
                0x080009ac                HAL_TIM_Base_MspInit
 .text.HAL_TIM_MspPostInit
                0x08000a90      0x134 CMakeFiles/untitled2.elf.dir/Core/Src/tim.c.obj
                0x08000a90                HAL_TIM_MspPostInit
 .text.MX_TIM1_Init
                0x08000bc4      0x11c CMakeFiles/untitled2.elf.dir/Core/Src/tim.c.obj
                0x08000bc4                MX_TIM1_Init
 .text.MX_TIM3_Init
                0x08000ce0       0xd0 CMakeFiles/untitled2.elf.dir/Core/Src/tim.c.obj
                0x08000ce0                MX_TIM3_Init
 .text.MX_TIM4_Init
                0x08000db0       0xac CMakeFiles/untitled2.elf.dir/Core/Src/tim.c.obj
                0x08000db0                MX_TIM4_Init
 .text.MX_TIM8_Init
                0x08000e5c      0x108 CMakeFiles/untitled2.elf.dir/Core/Src/tim.c.obj
                0x08000e5c                MX_TIM8_Init
 .text.MX_USART1_UART_Init
                0x08000f64       0x38 CMakeFiles/untitled2.elf.dir/Core/Src/usart.c.obj
                0x08000f64                MX_USART1_UART_Init
 .text.MX_USART3_UART_Init
                0x08000f9c       0x34 CMakeFiles/untitled2.elf.dir/Core/Src/usart.c.obj
                0x08000f9c                MX_USART3_UART_Init
 .text.MX_USART6_UART_Init
                0x08000fd0       0x34 CMakeFiles/untitled2.elf.dir/Core/Src/usart.c.obj
                0x08000fd0                MX_USART6_UART_Init
 .text.HAL_UART_MspInit
                0x08001004      0x248 CMakeFiles/untitled2.elf.dir/Core/Src/usart.c.obj
                0x08001004                HAL_UART_MspInit
 .text.Reset_Handler
                0x0800124c       0x50 CMakeFiles/untitled2.elf.dir/Core/Startup/startup_stm32f407ighx.s.obj
                0x0800124c                Reset_Handler
 .text.Default_Handler
                0x0800129c        0x2 CMakeFiles/untitled2.elf.dir/Core/Startup/startup_stm32f407ighx.s.obj
                0x0800129c                RTC_Alarm_IRQHandler
                0x0800129c                HASH_RNG_IRQHandler
                0x0800129c                EXTI2_IRQHandler
                0x0800129c                TIM8_CC_IRQHandler
                0x0800129c                TIM1_CC_IRQHandler
                0x0800129c                DMA2_Stream5_IRQHandler
                0x0800129c                DMA1_Stream5_IRQHandler
                0x0800129c                PVD_IRQHandler
                0x0800129c                SDIO_IRQHandler
                0x0800129c                TAMP_STAMP_IRQHandler
                0x0800129c                CAN2_RX1_IRQHandler
                0x0800129c                EXTI3_IRQHandler
                0x0800129c                TIM8_TRG_COM_TIM14_IRQHandler
                0x0800129c                TIM1_UP_TIM10_IRQHandler
                0x0800129c                TIM8_UP_TIM13_IRQHandler
                0x0800129c                I2C3_ER_IRQHandler
                0x0800129c                EXTI0_IRQHandler
                0x0800129c                I2C2_EV_IRQHandler
                0x0800129c                DMA1_Stream2_IRQHandler
                0x0800129c                CAN1_RX0_IRQHandler
                0x0800129c                FPU_IRQHandler
                0x0800129c                OTG_HS_WKUP_IRQHandler
                0x0800129c                CAN2_SCE_IRQHandler
                0x0800129c                SPI1_IRQHandler
                0x0800129c                TIM6_DAC_IRQHandler
                0x0800129c                TIM1_BRK_TIM9_IRQHandler
                0x0800129c                DCMI_IRQHandler
                0x0800129c                CAN2_RX0_IRQHandler
                0x0800129c                DMA2_Stream3_IRQHandler
                0x0800129c                USART6_IRQHandler
                0x0800129c                USART3_IRQHandler
                0x0800129c                CAN1_RX1_IRQHandler
                0x0800129c                UART5_IRQHandler
                0x0800129c                DMA2_Stream0_IRQHandler
                0x0800129c                TIM4_IRQHandler
                0x0800129c                I2C1_EV_IRQHandler
                0x0800129c                DMA1_Stream6_IRQHandler
                0x0800129c                DMA1_Stream1_IRQHandler
                0x0800129c                UART4_IRQHandler
                0x0800129c                TIM3_IRQHandler
                0x0800129c                RCC_IRQHandler
                0x0800129c                TIM8_BRK_TIM12_IRQHandler
                0x0800129c                Default_Handler
                0x0800129c                EXTI15_10_IRQHandler
                0x0800129c                DMA1_Stream7_IRQHandler
                0x0800129c                TIM7_IRQHandler
                0x0800129c                TIM5_IRQHandler
                0x0800129c                I2C3_EV_IRQHandler
                0x0800129c                EXTI9_5_IRQHandler
                0x0800129c                RTC_WKUP_IRQHandler
                0x0800129c                ETH_WKUP_IRQHandler
                0x0800129c                SPI2_IRQHandler
                0x0800129c                OTG_HS_EP1_IN_IRQHandler
                0x0800129c                DMA1_Stream0_IRQHandler
                0x0800129c                EXTI4_IRQHandler
                0x0800129c                FSMC_IRQHandler
                0x0800129c                ETH_IRQHandler
                0x0800129c                OTG_HS_EP1_OUT_IRQHandler
                0x0800129c                WWDG_IRQHandler
                0x0800129c                TIM2_IRQHandler
                0x0800129c                OTG_FS_WKUP_IRQHandler
                0x0800129c                TIM1_TRG_COM_TIM11_IRQHandler
                0x0800129c                OTG_HS_IRQHandler
                0x0800129c                EXTI1_IRQHandler
                0x0800129c                USART2_IRQHandler
                0x0800129c                I2C2_ER_IRQHandler
                0x0800129c                CAN1_SCE_IRQHandler
                0x0800129c                FLASH_IRQHandler
                0x0800129c                DMA2_Stream4_IRQHandler
                0x0800129c                USART1_IRQHandler
                0x0800129c                OTG_FS_IRQHandler
                0x0800129c                SPI3_IRQHandler
                0x0800129c                DMA1_Stream4_IRQHandler
                0x0800129c                I2C1_ER_IRQHandler
                0x0800129c                DMA1_Stream3_IRQHandler
 *fill*         0x0800129e        0x2 
 .text.HAL_InitTick
                0x080012a0       0x4c CMakeFiles/untitled2.elf.dir/Drivers/STM32F4xx_HAL_Driver/Src/stm32f4xx_hal.c.obj
                0x080012a0                HAL_InitTick
 .text.HAL_Init
                0x080012ec       0x34 CMakeFiles/untitled2.elf.dir/Drivers/STM32F4xx_HAL_Driver/Src/stm32f4xx_hal.c.obj
                0x080012ec                HAL_Init
 .text.HAL_IncTick
                0x08001320       0x18 CMakeFiles/untitled2.elf.dir/Drivers/STM32F4xx_HAL_Driver/Src/stm32f4xx_hal.c.obj
                0x08001320                HAL_IncTick
 .text.HAL_GetTick
                0x08001338        0xc CMakeFiles/untitled2.elf.dir/Drivers/STM32F4xx_HAL_Driver/Src/stm32f4xx_hal.c.obj
                0x08001338                HAL_GetTick
 .text.ADC_Init
                0x08001344      0x134 CMakeFiles/untitled2.elf.dir/Drivers/STM32F4xx_HAL_Driver/Src/stm32f4xx_hal_adc.c.obj
 .text.HAL_ADC_Init
                0x08001478       0x56 CMakeFiles/untitled2.elf.dir/Drivers/STM32F4xx_HAL_Driver/Src/stm32f4xx_hal_adc.c.obj
                0x08001478                HAL_ADC_Init
 .text.HAL_ADC_ConvCpltCallback
                0x080014ce        0x2 CMakeFiles/untitled2.elf.dir/Drivers/STM32F4xx_HAL_Driver/Src/stm32f4xx_hal_adc.c.obj
                0x080014ce                HAL_ADC_ConvCpltCallback
 .text.HAL_ADC_LevelOutOfWindowCallback
                0x080014d0        0x2 CMakeFiles/untitled2.elf.dir/Drivers/STM32F4xx_HAL_Driver/Src/stm32f4xx_hal_adc.c.obj
                0x080014d0                HAL_ADC_LevelOutOfWindowCallback
 .text.HAL_ADC_ErrorCallback
                0x080014d2        0x2 CMakeFiles/untitled2.elf.dir/Drivers/STM32F4xx_HAL_Driver/Src/stm32f4xx_hal_adc.c.obj
                0x080014d2                HAL_ADC_ErrorCallback
 .text.HAL_ADC_IRQHandler
                0x080014d4      0x142 CMakeFiles/untitled2.elf.dir/Drivers/STM32F4xx_HAL_Driver/Src/stm32f4xx_hal_adc.c.obj
                0x080014d4                HAL_ADC_IRQHandler
 *fill*         0x08001616        0x2 
 .text.HAL_ADC_ConfigChannel
                0x08001618      0x194 CMakeFiles/untitled2.elf.dir/Drivers/STM32F4xx_HAL_Driver/Src/stm32f4xx_hal_adc.c.obj
                0x08001618                HAL_ADC_ConfigChannel
 .text.HAL_ADCEx_InjectedConvCpltCallback
                0x080017ac        0x2 CMakeFiles/untitled2.elf.dir/Drivers/STM32F4xx_HAL_Driver/Src/stm32f4xx_hal_adc_ex.c.obj
                0x080017ac                HAL_ADCEx_InjectedConvCpltCallback
 .text.HAL_CAN_Init
                0x080017ae      0x14c CMakeFiles/untitled2.elf.dir/Drivers/STM32F4xx_HAL_Driver/Src/stm32f4xx_hal_can.c.obj
                0x080017ae                HAL_CAN_Init
 .text.HAL_CAN_TxMailbox0CompleteCallback
                0x080018fa        0x2 CMakeFiles/untitled2.elf.dir/Drivers/STM32F4xx_HAL_Driver/Src/stm32f4xx_hal_can.c.obj
                0x080018fa                HAL_CAN_TxMailbox0CompleteCallback
 .text.HAL_CAN_TxMailbox1CompleteCallback
                0x080018fc        0x2 CMakeFiles/untitled2.elf.dir/Drivers/STM32F4xx_HAL_Driver/Src/stm32f4xx_hal_can.c.obj
                0x080018fc                HAL_CAN_TxMailbox1CompleteCallback
 .text.HAL_CAN_TxMailbox2CompleteCallback
                0x080018fe        0x2 CMakeFiles/untitled2.elf.dir/Drivers/STM32F4xx_HAL_Driver/Src/stm32f4xx_hal_can.c.obj
                0x080018fe                HAL_CAN_TxMailbox2CompleteCallback
 .text.HAL_CAN_TxMailbox0AbortCallback
                0x08001900        0x2 CMakeFiles/untitled2.elf.dir/Drivers/STM32F4xx_HAL_Driver/Src/stm32f4xx_hal_can.c.obj
                0x08001900                HAL_CAN_TxMailbox0AbortCallback
 .text.HAL_CAN_TxMailbox1AbortCallback
                0x08001902        0x2 CMakeFiles/untitled2.elf.dir/Drivers/STM32F4xx_HAL_Driver/Src/stm32f4xx_hal_can.c.obj
                0x08001902                HAL_CAN_TxMailbox1AbortCallback
 .text.HAL_CAN_TxMailbox2AbortCallback
                0x08001904        0x2 CMakeFiles/untitled2.elf.dir/Drivers/STM32F4xx_HAL_Driver/Src/stm32f4xx_hal_can.c.obj
                0x08001904                HAL_CAN_TxMailbox2AbortCallback
 .text.HAL_CAN_RxFifo0MsgPendingCallback
                0x08001906        0x2 CMakeFiles/untitled2.elf.dir/Drivers/STM32F4xx_HAL_Driver/Src/stm32f4xx_hal_can.c.obj
                0x08001906                HAL_CAN_RxFifo0MsgPendingCallback
 .text.HAL_CAN_RxFifo0FullCallback
                0x08001908        0x2 CMakeFiles/untitled2.elf.dir/Drivers/STM32F4xx_HAL_Driver/Src/stm32f4xx_hal_can.c.obj
                0x08001908                HAL_CAN_RxFifo0FullCallback
 .text.HAL_CAN_RxFifo1MsgPendingCallback
                0x0800190a        0x2 CMakeFiles/untitled2.elf.dir/Drivers/STM32F4xx_HAL_Driver/Src/stm32f4xx_hal_can.c.obj
                0x0800190a                HAL_CAN_RxFifo1MsgPendingCallback
 .text.HAL_CAN_RxFifo1FullCallback
                0x0800190c        0x2 CMakeFiles/untitled2.elf.dir/Drivers/STM32F4xx_HAL_Driver/Src/stm32f4xx_hal_can.c.obj
                0x0800190c                HAL_CAN_RxFifo1FullCallback
 .text.HAL_CAN_SleepCallback
                0x0800190e        0x2 CMakeFiles/untitled2.elf.dir/Drivers/STM32F4xx_HAL_Driver/Src/stm32f4xx_hal_can.c.obj
                0x0800190e                HAL_CAN_SleepCallback
 .text.HAL_CAN_WakeUpFromRxMsgCallback
                0x08001910        0x2 CMakeFiles/untitled2.elf.dir/Drivers/STM32F4xx_HAL_Driver/Src/stm32f4xx_hal_can.c.obj
                0x08001910                HAL_CAN_WakeUpFromRxMsgCallback
 .text.HAL_CAN_ErrorCallback
                0x08001912        0x2 CMakeFiles/untitled2.elf.dir/Drivers/STM32F4xx_HAL_Driver/Src/stm32f4xx_hal_can.c.obj
                0x08001912                HAL_CAN_ErrorCallback
 .text.HAL_CAN_IRQHandler
                0x08001914      0x250 CMakeFiles/untitled2.elf.dir/Drivers/STM32F4xx_HAL_Driver/Src/stm32f4xx_hal_can.c.obj
                0x08001914                HAL_CAN_IRQHandler
 .text.__NVIC_SetPriority
                0x08001b64       0x28 CMakeFiles/untitled2.elf.dir/Drivers/STM32F4xx_HAL_Driver/Src/stm32f4xx_hal_cortex.c.obj
 .text.NVIC_EncodePriority
                0x08001b8c       0x3e CMakeFiles/untitled2.elf.dir/Drivers/STM32F4xx_HAL_Driver/Src/stm32f4xx_hal_cortex.c.obj
 *fill*         0x08001bca        0x2 
 .text.HAL_NVIC_SetPriorityGrouping
                0x08001bcc       0x24 CMakeFiles/untitled2.elf.dir/Drivers/STM32F4xx_HAL_Driver/Src/stm32f4xx_hal_cortex.c.obj
                0x08001bcc                HAL_NVIC_SetPriorityGrouping
 .text.HAL_NVIC_SetPriority
                0x08001bf0       0x20 CMakeFiles/untitled2.elf.dir/Drivers/STM32F4xx_HAL_Driver/Src/stm32f4xx_hal_cortex.c.obj
                0x08001bf0                HAL_NVIC_SetPriority
 .text.HAL_NVIC_EnableIRQ
                0x08001c10       0x1c CMakeFiles/untitled2.elf.dir/Drivers/STM32F4xx_HAL_Driver/Src/stm32f4xx_hal_cortex.c.obj
                0x08001c10                HAL_NVIC_EnableIRQ
 .text.HAL_SYSTICK_Config
                0x08001c2c       0x28 CMakeFiles/untitled2.elf.dir/Drivers/STM32F4xx_HAL_Driver/Src/stm32f4xx_hal_cortex.c.obj
                0x08001c2c                HAL_SYSTICK_Config
 .text.DMA_CalcBaseAndBitshift
                0x08001c54       0x38 CMakeFiles/untitled2.elf.dir/Drivers/STM32F4xx_HAL_Driver/Src/stm32f4xx_hal_dma.c.obj
 .text.DMA_CheckFifoParam
                0x08001c8c       0x8e CMakeFiles/untitled2.elf.dir/Drivers/STM32F4xx_HAL_Driver/Src/stm32f4xx_hal_dma.c.obj
 *fill*         0x08001d1a        0x2 
 .text.HAL_DMA_Init
                0x08001d1c       0xcc CMakeFiles/untitled2.elf.dir/Drivers/STM32F4xx_HAL_Driver/Src/stm32f4xx_hal_dma.c.obj
                0x08001d1c                HAL_DMA_Init
 .text.HAL_DMA_IRQHandler
                0x08001de8      0x1dc CMakeFiles/untitled2.elf.dir/Drivers/STM32F4xx_HAL_Driver/Src/stm32f4xx_hal_dma.c.obj
                0x08001de8                HAL_DMA_IRQHandler
 .text.HAL_GPIO_Init
                0x08001fc4      0x1f4 CMakeFiles/untitled2.elf.dir/Drivers/STM32F4xx_HAL_Driver/Src/stm32f4xx_hal_gpio.c.obj
                0x08001fc4                HAL_GPIO_Init
 .text.HAL_GPIO_WritePin
                0x080021b8        0xc CMakeFiles/untitled2.elf.dir/Drivers/STM32F4xx_HAL_Driver/Src/stm32f4xx_hal_gpio.c.obj
                0x080021b8                HAL_GPIO_WritePin
 .text.HAL_RCC_OscConfig
                0x080021c4      0x3f8 CMakeFiles/untitled2.elf.dir/Drivers/STM32F4xx_HAL_Driver/Src/stm32f4xx_hal_rcc.c.obj
                0x080021c4                HAL_RCC_OscConfig
 .text.HAL_RCC_GetSysClockFreq
                0x080025bc       0xa8 CMakeFiles/untitled2.elf.dir/Drivers/STM32F4xx_HAL_Driver/Src/stm32f4xx_hal_rcc.c.obj
                0x080025bc                HAL_RCC_GetSysClockFreq
 .text.HAL_RCC_ClockConfig
                0x08002664      0x160 CMakeFiles/untitled2.elf.dir/Drivers/STM32F4xx_HAL_Driver/Src/stm32f4xx_hal_rcc.c.obj
                0x08002664                HAL_RCC_ClockConfig
 .text.HAL_RCC_GetHCLKFreq
                0x080027c4        0xc CMakeFiles/untitled2.elf.dir/Drivers/STM32F4xx_HAL_Driver/Src/stm32f4xx_hal_rcc.c.obj
                0x080027c4                HAL_RCC_GetHCLKFreq
 .text.HAL_RCC_GetPCLK1Freq
                0x080027d0       0x20 CMakeFiles/untitled2.elf.dir/Drivers/STM32F4xx_HAL_Driver/Src/stm32f4xx_hal_rcc.c.obj
                0x080027d0                HAL_RCC_GetPCLK1Freq
 .text.HAL_RCC_GetPCLK2Freq
                0x080027f0       0x20 CMakeFiles/untitled2.elf.dir/Drivers/STM32F4xx_HAL_Driver/Src/stm32f4xx_hal_rcc.c.obj
                0x080027f0                HAL_RCC_GetPCLK2Freq
 .text.HAL_SPI_Init
                0x08002810       0xbe CMakeFiles/untitled2.elf.dir/Drivers/STM32F4xx_HAL_Driver/Src/stm32f4xx_hal_spi.c.obj
                0x08002810                HAL_SPI_Init
 *fill*         0x080028ce        0x2 
 .text.TIM_OC1_SetConfig
                0x080028d0       0x70 CMakeFiles/untitled2.elf.dir/Drivers/STM32F4xx_HAL_Driver/Src/stm32f4xx_hal_tim.c.obj
 .text.TIM_OC3_SetConfig
                0x08002940       0x70 CMakeFiles/untitled2.elf.dir/Drivers/STM32F4xx_HAL_Driver/Src/stm32f4xx_hal_tim.c.obj
 .text.TIM_OC4_SetConfig
                0x080029b0       0x50 CMakeFiles/untitled2.elf.dir/Drivers/STM32F4xx_HAL_Driver/Src/stm32f4xx_hal_tim.c.obj
 .text.TIM_TI1_ConfigInputStage
                0x08002a00       0x24 CMakeFiles/untitled2.elf.dir/Drivers/STM32F4xx_HAL_Driver/Src/stm32f4xx_hal_tim.c.obj
 .text.TIM_TI2_ConfigInputStage
                0x08002a24       0x26 CMakeFiles/untitled2.elf.dir/Drivers/STM32F4xx_HAL_Driver/Src/stm32f4xx_hal_tim.c.obj
 .text.TIM_ITRx_SetConfig
                0x08002a4a       0x10 CMakeFiles/untitled2.elf.dir/Drivers/STM32F4xx_HAL_Driver/Src/stm32f4xx_hal_tim.c.obj
 .text.HAL_TIM_OC_MspInit
                0x08002a5a        0x2 CMakeFiles/untitled2.elf.dir/Drivers/STM32F4xx_HAL_Driver/Src/stm32f4xx_hal_tim.c.obj
                0x08002a5a                HAL_TIM_OC_MspInit
 .text.TIM_Base_SetConfig
                0x08002a5c       0xc8 CMakeFiles/untitled2.elf.dir/Drivers/STM32F4xx_HAL_Driver/Src/stm32f4xx_hal_tim.c.obj
                0x08002a5c                TIM_Base_SetConfig
 .text.HAL_TIM_Base_Init
                0x08002b24       0x58 CMakeFiles/untitled2.elf.dir/Drivers/STM32F4xx_HAL_Driver/Src/stm32f4xx_hal_tim.c.obj
                0x08002b24                HAL_TIM_Base_Init
 .text.HAL_TIM_OC_Init
                0x08002b7c       0x58 CMakeFiles/untitled2.elf.dir/Drivers/STM32F4xx_HAL_Driver/Src/stm32f4xx_hal_tim.c.obj
                0x08002b7c                HAL_TIM_OC_Init
 .text.TIM_OC2_SetConfig
                0x08002bd4       0x70 CMakeFiles/untitled2.elf.dir/Drivers/STM32F4xx_HAL_Driver/Src/stm32f4xx_hal_tim.c.obj
                0x08002bd4                TIM_OC2_SetConfig
 .text.HAL_TIM_OC_ConfigChannel
                0x08002c44       0x5e CMakeFiles/untitled2.elf.dir/Drivers/STM32F4xx_HAL_Driver/Src/stm32f4xx_hal_tim.c.obj
                0x08002c44                HAL_TIM_OC_ConfigChannel
 .text.TIM_ETR_SetConfig
                0x08002ca2       0x18 CMakeFiles/untitled2.elf.dir/Drivers/STM32F4xx_HAL_Driver/Src/stm32f4xx_hal_tim.c.obj
                0x08002ca2                TIM_ETR_SetConfig
 .text.HAL_TIM_ConfigClockSource
                0x08002cba       0xfe CMakeFiles/untitled2.elf.dir/Drivers/STM32F4xx_HAL_Driver/Src/stm32f4xx_hal_tim.c.obj
                0x08002cba                HAL_TIM_ConfigClockSource
 .text.TIM_SlaveTimer_SetConfig
                0x08002db8       0xb8 CMakeFiles/untitled2.elf.dir/Drivers/STM32F4xx_HAL_Driver/Src/stm32f4xx_hal_tim.c.obj
 .text.HAL_TIM_SlaveConfigSynchro
                0x08002e70       0x52 CMakeFiles/untitled2.elf.dir/Drivers/STM32F4xx_HAL_Driver/Src/stm32f4xx_hal_tim.c.obj
                0x08002e70                HAL_TIM_SlaveConfigSynchro
 *fill*         0x08002ec2        0x2 
 .text.HAL_TIMEx_MasterConfigSynchronization
                0x08002ec4       0x8c CMakeFiles/untitled2.elf.dir/Drivers/STM32F4xx_HAL_Driver/Src/stm32f4xx_hal_tim_ex.c.obj
                0x08002ec4                HAL_TIMEx_MasterConfigSynchronization
 .text.HAL_TIMEx_ConfigBreakDeadTime
                0x08002f50       0x52 CMakeFiles/untitled2.elf.dir/Drivers/STM32F4xx_HAL_Driver/Src/stm32f4xx_hal_tim_ex.c.obj
                0x08002f50                HAL_TIMEx_ConfigBreakDeadTime
 *fill*         0x08002fa2        0x2 
 .text.UART_SetConfig
                0x08002fa4      0x110 CMakeFiles/untitled2.elf.dir/Drivers/STM32F4xx_HAL_Driver/Src/stm32f4xx_hal_uart.c.obj
 .text.HAL_UART_Init
                0x080030b4       0x5e CMakeFiles/untitled2.elf.dir/Drivers/STM32F4xx_HAL_Driver/Src/stm32f4xx_hal_uart.c.obj
                0x080030b4                HAL_UART_Init
 *fill*         0x08003112        0x2 
 .text.__udivmoddi4
                0x08003114      0x2bc C:/Users/52716/Downloads/arm-gnu-toolchain-13.2.rel1-mingw-w64-i686-arm-none-eabi/arm-gnu-toolchain-13.2.Rel1-mingw-w64-i686-arm-none-eabi/bin/../lib/gcc/arm-none-eabi/13.2.1/thumb/v7e-m/nofp\libgcc.a(_udivmoddi4.o)
                0x08003114                __udivmoddi4
 .text.memset   0x080033d0       0xa4 C:/Users/52716/Downloads/arm-gnu-toolchain-13.2.rel1-mingw-w64-i686-arm-none-eabi/arm-gnu-toolchain-13.2.Rel1-mingw-w64-i686-arm-none-eabi/bin/../lib/gcc/arm-none-eabi/13.2.1/thumb/v7e-m/nofp\libg.a(libc_a-memset.o)
                0x080033d0                memset
 .text.__libc_init_array
                0x08003474       0x50 C:/Users/52716/Downloads/arm-gnu-toolchain-13.2.rel1-mingw-w64-i686-arm-none-eabi/arm-gnu-toolchain-13.2.Rel1-mingw-w64-i686-arm-none-eabi/bin/../lib/gcc/arm-none-eabi/13.2.1/thumb/v7e-m/nofp\libg.a(libc_a-init.o)
                0x08003474                __libc_init_array
 .text.__retarget_lock_acquire_recursive
                0x080034c4        0x4 C:/Users/52716/Downloads/arm-gnu-toolchain-13.2.rel1-mingw-w64-i686-arm-none-eabi/arm-gnu-toolchain-13.2.Rel1-mingw-w64-i686-arm-none-eabi/bin/../lib/gcc/arm-none-eabi/13.2.1/thumb/v7e-m/nofp\libg.a(libc_a-lock.o)
                0x080034c4                __retarget_lock_acquire_recursive
 .text.__retarget_lock_release_recursive
                0x080034c8        0x4 C:/Users/52716/Downloads/arm-gnu-toolchain-13.2.rel1-mingw-w64-i686-arm-none-eabi/arm-gnu-toolchain-13.2.Rel1-mingw-w64-i686-arm-none-eabi/bin/../lib/gcc/arm-none-eabi/13.2.1/thumb/v7e-m/nofp\libg.a(libc_a-lock.o)
                0x080034c8                __retarget_lock_release_recursive
 .text.startup.register_fini
                0x080034cc       0x14 C:/Users/52716/Downloads/arm-gnu-toolchain-13.2.rel1-mingw-w64-i686-arm-none-eabi/arm-gnu-toolchain-13.2.Rel1-mingw-w64-i686-arm-none-eabi/bin/../lib/gcc/arm-none-eabi/13.2.1/thumb/v7e-m/nofp\libg.a(libc_a-__call_atexit.o)
 .text.atexit   0x080034e0        0xc C:/Users/52716/Downloads/arm-gnu-toolchain-13.2.rel1-mingw-w64-i686-arm-none-eabi/arm-gnu-toolchain-13.2.Rel1-mingw-w64-i686-arm-none-eabi/bin/../lib/gcc/arm-none-eabi/13.2.1/thumb/v7e-m/nofp\libg.a(libc_a-atexit.o)
                0x080034e0                atexit
 .text.__libc_fini_array
                0x080034ec       0x28 C:/Users/52716/Downloads/arm-gnu-toolchain-13.2.rel1-mingw-w64-i686-arm-none-eabi/arm-gnu-toolchain-13.2.Rel1-mingw-w64-i686-arm-none-eabi/bin/../lib/gcc/arm-none-eabi/13.2.1/thumb/v7e-m/nofp\libg.a(libc_a-fini.o)
                0x080034ec                __libc_fini_array
 .text.__register_exitproc
                0x08003514       0x80 C:/Users/52716/Downloads/arm-gnu-toolchain-13.2.rel1-mingw-w64-i686-arm-none-eabi/arm-gnu-toolchain-13.2.Rel1-mingw-w64-i686-arm-none-eabi/bin/../lib/gcc/arm-none-eabi/13.2.1/thumb/v7e-m/nofp\libg.a(libc_a-__atexit.o)
                0x08003514                __register_exitproc
 *(.glue_7)
 .glue_7        0x08003594        0x0 linker stubs
 *(.glue_7t)
 .glue_7t       0x08003594        0x0 linker stubs
 *(.eh_frame)
 .eh_frame      0x08003594        0x0 C:/Users/52716/Downloads/arm-gnu-toolchain-13.2.rel1-mingw-w64-i686-arm-none-eabi/arm-gnu-toolchain-13.2.Rel1-mingw-w64-i686-arm-none-eabi/bin/../lib/gcc/arm-none-eabi/13.2.1/thumb/v7e-m/nofp/crtbegin.o
 *(.init)
 .init          0x08003594        0x4 C:/Users/52716/Downloads/arm-gnu-toolchain-13.2.rel1-mingw-w64-i686-arm-none-eabi/arm-gnu-toolchain-13.2.Rel1-mingw-w64-i686-arm-none-eabi/bin/../lib/gcc/arm-none-eabi/13.2.1/thumb/v7e-m/nofp/crti.o
                0x08003594                _init
 .init          0x08003598        0x8 C:/Users/52716/Downloads/arm-gnu-toolchain-13.2.rel1-mingw-w64-i686-arm-none-eabi/arm-gnu-toolchain-13.2.Rel1-mingw-w64-i686-arm-none-eabi/bin/../lib/gcc/arm-none-eabi/13.2.1/thumb/v7e-m/nofp/crtn.o
 *(.fini)
 .fini          0x080035a0        0x4 C:/Users/52716/Downloads/arm-gnu-toolchain-13.2.rel1-mingw-w64-i686-arm-none-eabi/arm-gnu-toolchain-13.2.Rel1-mingw-w64-i686-arm-none-eabi/bin/../lib/gcc/arm-none-eabi/13.2.1/thumb/v7e-m/nofp/crti.o
                0x080035a0                _fini
 .fini          0x080035a4        0x8 C:/Users/52716/Downloads/arm-gnu-toolchain-13.2.rel1-mingw-w64-i686-arm-none-eabi/arm-gnu-toolchain-13.2.Rel1-mingw-w64-i686-arm-none-eabi/bin/../lib/gcc/arm-none-eabi/13.2.1/thumb/v7e-m/nofp/crtn.o
                0x080035ac                        . = ALIGN (0x4)
                0x080035ac                        _etext = .

.vfp11_veneer   0x080035ac        0x0
 .vfp11_veneer  0x080035ac        0x0 linker stubs

.v4_bx          0x080035ac        0x0
 .v4_bx         0x080035ac        0x0 linker stubs

.iplt           0x080035ac        0x0
 .iplt          0x080035ac        0x0 C:/Users/52716/Downloads/arm-gnu-toolchain-13.2.rel1-mingw-w64-i686-arm-none-eabi/arm-gnu-toolchain-13.2.Rel1-mingw-w64-i686-arm-none-eabi/bin/../lib/gcc/arm-none-eabi/13.2.1/thumb/v7e-m/nofp/crtbegin.o

.rodata         0x080035ac       0x20
                0x080035ac                        . = ALIGN (0x4)
 *(.rodata)
 *(.rodata*)
 .rodata.APBPrescTable
                0x080035ac        0x8 CMakeFiles/untitled2.elf.dir/Core/Src/system_stm32f4xx.c.obj
                0x080035ac                APBPrescTable
 .rodata.AHBPrescTable
                0x080035b4       0x10 CMakeFiles/untitled2.elf.dir/Core/Src/system_stm32f4xx.c.obj
                0x080035b4                AHBPrescTable
 .rodata.flagBitshiftOffset.0
                0x080035c4        0x8 CMakeFiles/untitled2.elf.dir/Drivers/STM32F4xx_HAL_Driver/Src/stm32f4xx_hal_dma.c.obj
                0x080035cc                        . = ALIGN (0x4)

.ARM.extab      0x080035cc        0x0
                0x080035cc                        . = ALIGN (0x4)
 *(.ARM.extab* .gnu.linkonce.armextab.*)
                0x080035cc                        . = ALIGN (0x4)

.ARM            0x080035cc        0x8
                0x080035cc                        . = ALIGN (0x4)
                0x080035cc                        __exidx_start = .
 *(.ARM.exidx*)
 .ARM.exidx.text.__udivmoddi4
                0x080035cc        0x8 C:/Users/52716/Downloads/arm-gnu-toolchain-13.2.rel1-mingw-w64-i686-arm-none-eabi/arm-gnu-toolchain-13.2.Rel1-mingw-w64-i686-arm-none-eabi/bin/../lib/gcc/arm-none-eabi/13.2.1/thumb/v7e-m/nofp\libgcc.a(_udivmoddi4.o)
                0x080035d4                        __exidx_end = .
                0x080035d4                        . = ALIGN (0x4)

.rel.dyn        0x080035d4        0x0
 .rel.iplt      0x080035d4        0x0 C:/Users/52716/Downloads/arm-gnu-toolchain-13.2.rel1-mingw-w64-i686-arm-none-eabi/arm-gnu-toolchain-13.2.Rel1-mingw-w64-i686-arm-none-eabi/bin/../lib/gcc/arm-none-eabi/13.2.1/thumb/v7e-m/nofp/crtbegin.o

.preinit_array  0x080035d4        0x0
                0x080035d4                        . = ALIGN (0x4)
                0x080035d4                        PROVIDE (__preinit_array_start = .)
 *(.preinit_array*)
                0x080035d4                        PROVIDE (__preinit_array_end = .)
                0x080035d4                        . = ALIGN (0x4)

.init_array     0x080035d4        0x8
                0x080035d4                        . = ALIGN (0x4)
                0x080035d4                        PROVIDE (__init_array_start = .)
 *(SORT_BY_NAME(.init_array.*))
 .init_array.00000
                0x080035d4        0x4 C:/Users/52716/Downloads/arm-gnu-toolchain-13.2.rel1-mingw-w64-i686-arm-none-eabi/arm-gnu-toolchain-13.2.Rel1-mingw-w64-i686-arm-none-eabi/bin/../lib/gcc/arm-none-eabi/13.2.1/thumb/v7e-m/nofp\libg.a(libc_a-__call_atexit.o)
 *(.init_array*)
 .init_array    0x080035d8        0x4 C:/Users/52716/Downloads/arm-gnu-toolchain-13.2.rel1-mingw-w64-i686-arm-none-eabi/arm-gnu-toolchain-13.2.Rel1-mingw-w64-i686-arm-none-eabi/bin/../lib/gcc/arm-none-eabi/13.2.1/thumb/v7e-m/nofp/crtbegin.o
                0x080035dc                        PROVIDE (__init_array_end = .)
                0x080035dc                        . = ALIGN (0x4)

.fini_array     0x080035dc        0x4
                0x080035dc                        . = ALIGN (0x4)
                0x080035dc                        PROVIDE (__fini_array_start = .)
 *(SORT_BY_NAME(.fini_array.*))
 *(.fini_array*)
 .fini_array    0x080035dc        0x4 C:/Users/52716/Downloads/arm-gnu-toolchain-13.2.rel1-mingw-w64-i686-arm-none-eabi/arm-gnu-toolchain-13.2.Rel1-mingw-w64-i686-arm-none-eabi/bin/../lib/gcc/arm-none-eabi/13.2.1/thumb/v7e-m/nofp/crtbegin.o
                0x080035e0                        PROVIDE (__fini_array_end = .)
                0x080035e0                        . = ALIGN (0x4)
                0x080035e0                        _sidata = LOADADDR (.data)

.data           0x20000000       0x10 load address 0x080035e0
                0x20000000                        . = ALIGN (0x4)
                0x20000000                        _sdata = .
 *(.data)
 *(.data*)
 .data.SystemCoreClock
                0x20000000        0x4 CMakeFiles/untitled2.elf.dir/Core/Src/system_stm32f4xx.c.obj
                0x20000000                SystemCoreClock
 .data.uwTickFreq
                0x20000004        0x1 CMakeFiles/untitled2.elf.dir/Drivers/STM32F4xx_HAL_Driver/Src/stm32f4xx_hal.c.obj
                0x20000004                uwTickFreq
 *fill*         0x20000005        0x3 
 .data.uwTickPrio
                0x20000008        0x4 CMakeFiles/untitled2.elf.dir/Drivers/STM32F4xx_HAL_Driver/Src/stm32f4xx_hal.c.obj
                0x20000008                uwTickPrio
 .data.__atexit_recursive_mutex
                0x2000000c        0x4 C:/Users/52716/Downloads/arm-gnu-toolchain-13.2.rel1-mingw-w64-i686-arm-none-eabi/arm-gnu-toolchain-13.2.Rel1-mingw-w64-i686-arm-none-eabi/bin/../lib/gcc/arm-none-eabi/13.2.1/thumb/v7e-m/nofp\libg.a(libc_a-__call_atexit.o)
                0x2000000c                __atexit_recursive_mutex
 *(.RamFunc)
 *(.RamFunc*)
                0x20000010                        . = ALIGN (0x4)
                0x20000010                        _edata = .
                0x080035f0                        _siccmram = LOADADDR (.ccmram)

.tm_clone_table
                0x20000010        0x0 load address 0x080035f0
 .tm_clone_table
                0x20000010        0x0 C:/Users/52716/Downloads/arm-gnu-toolchain-13.2.rel1-mingw-w64-i686-arm-none-eabi/arm-gnu-toolchain-13.2.Rel1-mingw-w64-i686-arm-none-eabi/bin/../lib/gcc/arm-none-eabi/13.2.1/thumb/v7e-m/nofp/crtbegin.o
 .tm_clone_table
                0x20000010        0x0 C:/Users/52716/Downloads/arm-gnu-toolchain-13.2.rel1-mingw-w64-i686-arm-none-eabi/arm-gnu-toolchain-13.2.Rel1-mingw-w64-i686-arm-none-eabi/bin/../lib/gcc/arm-none-eabi/13.2.1/thumb/v7e-m/nofp/crtend.o

.igot.plt       0x20000010        0x0 load address 0x080035f0
 .igot.plt      0x20000010        0x0 C:/Users/52716/Downloads/arm-gnu-toolchain-13.2.rel1-mingw-w64-i686-arm-none-eabi/arm-gnu-toolchain-13.2.Rel1-mingw-w64-i686-arm-none-eabi/bin/../lib/gcc/arm-none-eabi/13.2.1/thumb/v7e-m/nofp/crtbegin.o

.ccmram         0x10000000        0x0 load address 0x080035f0
                0x10000000                        . = ALIGN (0x4)
                0x10000000                        _sccmram = .
 *(.ccmram)
 *(.ccmram*)
                0x10000000                        . = ALIGN (0x4)
                0x10000000                        _eccmram = .
                0x10000000                        . = ALIGN (0x4)

.bss            0x20000010      0x6a8
                0x20000010                        _sbss = .
                0x20000010                        __bss_start__ = _sbss
 *(.bss)
 *(.bss*)
 .bss.completed.1
                0x20000010        0x1 C:/Users/52716/Downloads/arm-gnu-toolchain-13.2.rel1-mingw-w64-i686-arm-none-eabi/arm-gnu-toolchain-13.2.Rel1-mingw-w64-i686-arm-none-eabi/bin/../lib/gcc/arm-none-eabi/13.2.1/thumb/v7e-m/nofp/crtbegin.o
 *fill*         0x20000011        0x3 
 .bss.object.0  0x20000014       0x18 C:/Users/52716/Downloads/arm-gnu-toolchain-13.2.rel1-mingw-w64-i686-arm-none-eabi/arm-gnu-toolchain-13.2.Rel1-mingw-w64-i686-arm-none-eabi/bin/../lib/gcc/arm-none-eabi/13.2.1/thumb/v7e-m/nofp/crtbegin.o
 .bss.hadc3     0x2000002c       0x48 CMakeFiles/untitled2.elf.dir/Core/Src/adc.c.obj
                0x2000002c                hadc3
 .bss.HAL_RCC_CAN1_CLK_ENABLED
                0x20000074        0x4 CMakeFiles/untitled2.elf.dir/Core/Src/can.c.obj
 .bss.hcan2     0x20000078       0x28 CMakeFiles/untitled2.elf.dir/Core/Src/can.c.obj
                0x20000078                hcan2
 .bss.hcan1     0x200000a0       0x28 CMakeFiles/untitled2.elf.dir/Core/Src/can.c.obj
                0x200000a0                hcan1
 .bss.hspi1     0x200000c8       0x58 CMakeFiles/untitled2.elf.dir/Core/Src/spi.c.obj
                0x200000c8                hspi1
 .bss.htim8     0x20000120       0x48 CMakeFiles/untitled2.elf.dir/Core/Src/tim.c.obj
                0x20000120                htim8
 .bss.htim7     0x20000168       0x48 CMakeFiles/untitled2.elf.dir/Core/Src/tim.c.obj
                0x20000168                htim7
 .bss.htim6     0x200001b0       0x48 CMakeFiles/untitled2.elf.dir/Core/Src/tim.c.obj
                0x200001b0                htim6
 .bss.htim4     0x200001f8       0x48 CMakeFiles/untitled2.elf.dir/Core/Src/tim.c.obj
                0x200001f8                htim4
 .bss.htim3     0x20000240       0x48 CMakeFiles/untitled2.elf.dir/Core/Src/tim.c.obj
                0x20000240                htim3
 .bss.htim1     0x20000288       0x48 CMakeFiles/untitled2.elf.dir/Core/Src/tim.c.obj
                0x20000288                htim1
 .bss.hdma_usart6_tx
                0x200002d0       0x60 CMakeFiles/untitled2.elf.dir/Core/Src/usart.c.obj
                0x200002d0                hdma_usart6_tx
 .bss.hdma_usart6_rx
                0x20000330       0x60 CMakeFiles/untitled2.elf.dir/Core/Src/usart.c.obj
                0x20000330                hdma_usart6_rx
 .bss.hdma_usart1_tx
                0x20000390       0x60 CMakeFiles/untitled2.elf.dir/Core/Src/usart.c.obj
                0x20000390                hdma_usart1_tx
 .bss.hdma_usart1_rx
                0x200003f0       0x60 CMakeFiles/untitled2.elf.dir/Core/Src/usart.c.obj
                0x200003f0                hdma_usart1_rx
 .bss.huart6    0x20000450       0x44 CMakeFiles/untitled2.elf.dir/Core/Src/usart.c.obj
                0x20000450                huart6
 .bss.huart3    0x20000494       0x44 CMakeFiles/untitled2.elf.dir/Core/Src/usart.c.obj
                0x20000494                huart3
 .bss.huart1    0x200004d8       0x44 CMakeFiles/untitled2.elf.dir/Core/Src/usart.c.obj
                0x200004d8                huart1
 .bss.uwTick    0x2000051c        0x4 CMakeFiles/untitled2.elf.dir/Drivers/STM32F4xx_HAL_Driver/Src/stm32f4xx_hal.c.obj
                0x2000051c                uwTick
 .bss.__lock___atexit_recursive_mutex
                0x20000520        0x1 C:/Users/52716/Downloads/arm-gnu-toolchain-13.2.rel1-mingw-w64-i686-arm-none-eabi/arm-gnu-toolchain-13.2.Rel1-mingw-w64-i686-arm-none-eabi/bin/../lib/gcc/arm-none-eabi/13.2.1/thumb/v7e-m/nofp\libg.a(libc_a-lock.o)
                0x20000520                __lock___atexit_recursive_mutex
 *fill*         0x20000521        0x3 
 .bss.__atexit  0x20000524        0x4 C:/Users/52716/Downloads/arm-gnu-toolchain-13.2.rel1-mingw-w64-i686-arm-none-eabi/arm-gnu-toolchain-13.2.Rel1-mingw-w64-i686-arm-none-eabi/bin/../lib/gcc/arm-none-eabi/13.2.1/thumb/v7e-m/nofp\libg.a(libc_a-__call_atexit.o)
                0x20000524                __atexit
 .bss.__atexit0
                0x20000528      0x190 C:/Users/52716/Downloads/arm-gnu-toolchain-13.2.rel1-mingw-w64-i686-arm-none-eabi/arm-gnu-toolchain-13.2.Rel1-mingw-w64-i686-arm-none-eabi/bin/../lib/gcc/arm-none-eabi/13.2.1/thumb/v7e-m/nofp\libg.a(libc_a-__atexit.o)
                0x20000528                __atexit0
 *(COMMON)
                0x200006b8                        . = ALIGN (0x4)
                0x200006b8                        _ebss = .
                0x200006b8                        __bss_end__ = _ebss

._user_heap_stack
                0x200006b8     0x3000
                0x200006b8                        . = ALIGN (0x8)
                [!provide]                        PROVIDE (end = .)
                0x200006b8                        PROVIDE (_end = .)
                0x200016b8                        . = (. + _Min_Heap_Size)
 *fill*         0x200006b8     0x1000 
                0x200036b8                        . = (. + _Min_Stack_Size)
 *fill*         0x200016b8     0x2000 
                0x200036b8                        . = ALIGN (0x8)

/DISCARD/
 libc.a(*)
 libm.a(*)
 libgcc.a(*)

.ARM.attributes
                0x00000000       0x2a
 *(.ARM.attributes)
 .ARM.attributes
                0x00000000       0x1e C:/Users/52716/Downloads/arm-gnu-toolchain-13.2.rel1-mingw-w64-i686-arm-none-eabi/arm-gnu-toolchain-13.2.Rel1-mingw-w64-i686-arm-none-eabi/bin/../lib/gcc/arm-none-eabi/13.2.1/thumb/v7e-m/nofp/crti.o
 .ARM.attributes
                0x0000001e       0x2e C:/Users/52716/Downloads/arm-gnu-toolchain-13.2.rel1-mingw-w64-i686-arm-none-eabi/arm-gnu-toolchain-13.2.Rel1-mingw-w64-i686-arm-none-eabi/bin/../lib/gcc/arm-none-eabi/13.2.1/thumb/v7e-m/nofp/crtbegin.o
 .ARM.attributes
                0x0000004c       0x2e CMakeFiles/untitled2.elf.dir/Core/Src/adc.c.obj
 .ARM.attributes
                0x0000007a       0x2e CMakeFiles/untitled2.elf.dir/Core/Src/can.c.obj
 .ARM.attributes
                0x000000a8       0x2e CMakeFiles/untitled2.elf.dir/Core/Src/dma.c.obj
 .ARM.attributes
                0x000000d6       0x2e CMakeFiles/untitled2.elf.dir/Core/Src/gpio.c.obj
 .ARM.attributes
                0x00000104       0x2e CMakeFiles/untitled2.elf.dir/Core/Src/main.c.obj
 .ARM.attributes
                0x00000132       0x2e CMakeFiles/untitled2.elf.dir/Core/Src/spi.c.obj
 .ARM.attributes
                0x00000160       0x2e CMakeFiles/untitled2.elf.dir/Core/Src/stm32f4xx_hal_msp.c.obj
 .ARM.attributes
                0x0000018e       0x2e CMakeFiles/untitled2.elf.dir/Core/Src/stm32f4xx_it.c.obj
 .ARM.attributes
                0x000001bc       0x2e CMakeFiles/untitled2.elf.dir/Core/Src/system_stm32f4xx.c.obj
 .ARM.attributes
                0x000001ea       0x2e CMakeFiles/untitled2.elf.dir/Core/Src/tim.c.obj
 .ARM.attributes
                0x00000218       0x2e CMakeFiles/untitled2.elf.dir/Core/Src/usart.c.obj
 .ARM.attributes
                0x00000246       0x21 CMakeFiles/untitled2.elf.dir/Core/Startup/startup_stm32f407ighx.s.obj
 .ARM.attributes
                0x00000267       0x2e CMakeFiles/untitled2.elf.dir/Drivers/STM32F4xx_HAL_Driver/Src/stm32f4xx_hal.c.obj
 .ARM.attributes
                0x00000295       0x2e CMakeFiles/untitled2.elf.dir/Drivers/STM32F4xx_HAL_Driver/Src/stm32f4xx_hal_adc.c.obj
 .ARM.attributes
                0x000002c3       0x2e CMakeFiles/untitled2.elf.dir/Drivers/STM32F4xx_HAL_Driver/Src/stm32f4xx_hal_adc_ex.c.obj
 .ARM.attributes
                0x000002f1       0x2e CMakeFiles/untitled2.elf.dir/Drivers/STM32F4xx_HAL_Driver/Src/stm32f4xx_hal_can.c.obj
 .ARM.attributes
                0x0000031f       0x2e CMakeFiles/untitled2.elf.dir/Drivers/STM32F4xx_HAL_Driver/Src/stm32f4xx_hal_cortex.c.obj
 .ARM.attributes
                0x0000034d       0x2e CMakeFiles/untitled2.elf.dir/Drivers/STM32F4xx_HAL_Driver/Src/stm32f4xx_hal_dma.c.obj
 .ARM.attributes
                0x0000037b       0x2e CMakeFiles/untitled2.elf.dir/Drivers/STM32F4xx_HAL_Driver/Src/stm32f4xx_hal_gpio.c.obj
 .ARM.attributes
                0x000003a9       0x2e CMakeFiles/untitled2.elf.dir/Drivers/STM32F4xx_HAL_Driver/Src/stm32f4xx_hal_rcc.c.obj
 .ARM.attributes
                0x000003d7       0x2e CMakeFiles/untitled2.elf.dir/Drivers/STM32F4xx_HAL_Driver/Src/stm32f4xx_hal_spi.c.obj
 .ARM.attributes
                0x00000405       0x2e CMakeFiles/untitled2.elf.dir/Drivers/STM32F4xx_HAL_Driver/Src/stm32f4xx_hal_tim.c.obj
 .ARM.attributes
                0x00000433       0x2e CMakeFiles/untitled2.elf.dir/Drivers/STM32F4xx_HAL_Driver/Src/stm32f4xx_hal_tim_ex.c.obj
 .ARM.attributes
                0x00000461       0x2e CMakeFiles/untitled2.elf.dir/Drivers/STM32F4xx_HAL_Driver/Src/stm32f4xx_hal_uart.c.obj
 .ARM.attributes
                0x0000048f       0x1e C:/Users/52716/Downloads/arm-gnu-toolchain-13.2.rel1-mingw-w64-i686-arm-none-eabi/arm-gnu-toolchain-13.2.Rel1-mingw-w64-i686-arm-none-eabi/bin/../lib/gcc/arm-none-eabi/13.2.1/thumb/v7e-m/nofp\libgcc.a(_aeabi_uldivmod.o)
 .ARM.attributes
                0x000004ad       0x2e C:/Users/52716/Downloads/arm-gnu-toolchain-13.2.rel1-mingw-w64-i686-arm-none-eabi/arm-gnu-toolchain-13.2.Rel1-mingw-w64-i686-arm-none-eabi/bin/../lib/gcc/arm-none-eabi/13.2.1/thumb/v7e-m/nofp\libgcc.a(_udivmoddi4.o)
 .ARM.attributes
                0x000004db       0x1e C:/Users/52716/Downloads/arm-gnu-toolchain-13.2.rel1-mingw-w64-i686-arm-none-eabi/arm-gnu-toolchain-13.2.Rel1-mingw-w64-i686-arm-none-eabi/bin/../lib/gcc/arm-none-eabi/13.2.1/thumb/v7e-m/nofp\libgcc.a(_dvmd_tls.o)
 .ARM.attributes
                0x000004f9       0x2e C:/Users/52716/Downloads/arm-gnu-toolchain-13.2.rel1-mingw-w64-i686-arm-none-eabi/arm-gnu-toolchain-13.2.Rel1-mingw-w64-i686-arm-none-eabi/bin/../lib/gcc/arm-none-eabi/13.2.1/thumb/v7e-m/nofp\libg.a(libc_a-memset.o)
 .ARM.attributes
                0x00000527       0x2e C:/Users/52716/Downloads/arm-gnu-toolchain-13.2.rel1-mingw-w64-i686-arm-none-eabi/arm-gnu-toolchain-13.2.Rel1-mingw-w64-i686-arm-none-eabi/bin/../lib/gcc/arm-none-eabi/13.2.1/thumb/v7e-m/nofp\libg.a(libc_a-init.o)
 .ARM.attributes
                0x00000555       0x2e C:/Users/52716/Downloads/arm-gnu-toolchain-13.2.rel1-mingw-w64-i686-arm-none-eabi/arm-gnu-toolchain-13.2.Rel1-mingw-w64-i686-arm-none-eabi/bin/../lib/gcc/arm-none-eabi/13.2.1/thumb/v7e-m/nofp\libg.a(libc_a-lock.o)
 .ARM.attributes
                0x00000583       0x2e C:/Users/52716/Downloads/arm-gnu-toolchain-13.2.rel1-mingw-w64-i686-arm-none-eabi/arm-gnu-toolchain-13.2.Rel1-mingw-w64-i686-arm-none-eabi/bin/../lib/gcc/arm-none-eabi/13.2.1/thumb/v7e-m/nofp\libg.a(libc_a-__call_atexit.o)
 .ARM.attributes
                0x000005b1       0x2e C:/Users/52716/Downloads/arm-gnu-toolchain-13.2.rel1-mingw-w64-i686-arm-none-eabi/arm-gnu-toolchain-13.2.Rel1-mingw-w64-i686-arm-none-eabi/bin/../lib/gcc/arm-none-eabi/13.2.1/thumb/v7e-m/nofp\libg.a(libc_a-atexit.o)
 .ARM.attributes
                0x000005df       0x2e C:/Users/52716/Downloads/arm-gnu-toolchain-13.2.rel1-mingw-w64-i686-arm-none-eabi/arm-gnu-toolchain-13.2.Rel1-mingw-w64-i686-arm-none-eabi/bin/../lib/gcc/arm-none-eabi/13.2.1/thumb/v7e-m/nofp\libg.a(libc_a-fini.o)
 .ARM.attributes
                0x0000060d       0x2e C:/Users/52716/Downloads/arm-gnu-toolchain-13.2.rel1-mingw-w64-i686-arm-none-eabi/arm-gnu-toolchain-13.2.Rel1-mingw-w64-i686-arm-none-eabi/bin/../lib/gcc/arm-none-eabi/13.2.1/thumb/v7e-m/nofp\libg.a(libc_a-__atexit.o)
 .ARM.attributes
                0x0000063b       0x2e C:/Users/52716/Downloads/arm-gnu-toolchain-13.2.rel1-mingw-w64-i686-arm-none-eabi/arm-gnu-toolchain-13.2.Rel1-mingw-w64-i686-arm-none-eabi/bin/../lib/gcc/arm-none-eabi/13.2.1/thumb/v7e-m/nofp/crtend.o
 .ARM.attributes
                0x00000669       0x1e C:/Users/52716/Downloads/arm-gnu-toolchain-13.2.rel1-mingw-w64-i686-arm-none-eabi/arm-gnu-toolchain-13.2.Rel1-mingw-w64-i686-arm-none-eabi/bin/../lib/gcc/arm-none-eabi/13.2.1/thumb/v7e-m/nofp/crtn.o
OUTPUT(untitled2.elf elf32-littlearm)
LOAD linker stubs
LOAD C:/Users/52716/Downloads/arm-gnu-toolchain-13.2.rel1-mingw-w64-i686-arm-none-eabi/arm-gnu-toolchain-13.2.Rel1-mingw-w64-i686-arm-none-eabi/bin/../lib/gcc/arm-none-eabi/13.2.1/thumb/v7e-m/nofp\libc.a
LOAD C:/Users/52716/Downloads/arm-gnu-toolchain-13.2.rel1-mingw-w64-i686-arm-none-eabi/arm-gnu-toolchain-13.2.Rel1-mingw-w64-i686-arm-none-eabi/bin/../lib/gcc/arm-none-eabi/13.2.1/thumb/v7e-m/nofp\libm.a
LOAD C:/Users/52716/Downloads/arm-gnu-toolchain-13.2.rel1-mingw-w64-i686-arm-none-eabi/arm-gnu-toolchain-13.2.Rel1-mingw-w64-i686-arm-none-eabi/bin/../lib/gcc/arm-none-eabi/13.2.1/thumb/v7e-m/nofp\libgcc.a

.debug_info     0x00000000    0x17e8f
 .debug_info    0x00000000      0xccd CMakeFiles/untitled2.elf.dir/Core/Src/adc.c.obj
 .debug_info    0x00000ccd      0xc8f CMakeFiles/untitled2.elf.dir/Core/Src/can.c.obj
 .debug_info    0x0000195c      0x579 CMakeFiles/untitled2.elf.dir/Core/Src/dma.c.obj
 .debug_info    0x00001ed5      0x55c CMakeFiles/untitled2.elf.dir/Core/Src/gpio.c.obj
 .debug_info    0x00002431      0x615 CMakeFiles/untitled2.elf.dir/Core/Src/main.c.obj
 .debug_info    0x00002a46      0x9f5 CMakeFiles/untitled2.elf.dir/Core/Src/spi.c.obj
 .debug_info    0x0000343b      0x265 CMakeFiles/untitled2.elf.dir/Core/Src/stm32f4xx_hal_msp.c.obj
 .debug_info    0x000036a0      0xae0 CMakeFiles/untitled2.elf.dir/Core/Src/stm32f4xx_it.c.obj
 .debug_info    0x00004180      0x334 CMakeFiles/untitled2.elf.dir/Core/Src/system_stm32f4xx.c.obj
 .debug_info    0x000044b4     0x1593 CMakeFiles/untitled2.elf.dir/Core/Src/tim.c.obj
 .debug_info    0x00005a47      0xc4a CMakeFiles/untitled2.elf.dir/Core/Src/usart.c.obj
 .debug_info    0x00006691       0x30 CMakeFiles/untitled2.elf.dir/Core/Startup/startup_stm32f407ighx.s.obj
 .debug_info    0x000066c1      0x9e6 CMakeFiles/untitled2.elf.dir/Drivers/STM32F4xx_HAL_Driver/Src/stm32f4xx_hal.c.obj
 .debug_info    0x000070a7      0xe82 CMakeFiles/untitled2.elf.dir/Drivers/STM32F4xx_HAL_Driver/Src/stm32f4xx_hal_adc.c.obj
 .debug_info    0x00007f29      0xc6a CMakeFiles/untitled2.elf.dir/Drivers/STM32F4xx_HAL_Driver/Src/stm32f4xx_hal_adc_ex.c.obj
 .debug_info    0x00008b93     0x11ad CMakeFiles/untitled2.elf.dir/Drivers/STM32F4xx_HAL_Driver/Src/stm32f4xx_hal_can.c.obj
 .debug_info    0x00009d40      0xfa9 CMakeFiles/untitled2.elf.dir/Drivers/STM32F4xx_HAL_Driver/Src/stm32f4xx_hal_cortex.c.obj
 .debug_info    0x0000ace9      0xad9 CMakeFiles/untitled2.elf.dir/Drivers/STM32F4xx_HAL_Driver/Src/stm32f4xx_hal_dma.c.obj
 .debug_info    0x0000b7c2      0x704 CMakeFiles/untitled2.elf.dir/Drivers/STM32F4xx_HAL_Driver/Src/stm32f4xx_hal_gpio.c.obj
 .debug_info    0x0000bec6      0xa6f CMakeFiles/untitled2.elf.dir/Drivers/STM32F4xx_HAL_Driver/Src/stm32f4xx_hal_rcc.c.obj
 .debug_info    0x0000c935     0x1dac CMakeFiles/untitled2.elf.dir/Drivers/STM32F4xx_HAL_Driver/Src/stm32f4xx_hal_spi.c.obj
 .debug_info    0x0000e6e1     0x3bd9 CMakeFiles/untitled2.elf.dir/Drivers/STM32F4xx_HAL_Driver/Src/stm32f4xx_hal_tim.c.obj
 .debug_info    0x000122ba     0x1abf CMakeFiles/untitled2.elf.dir/Drivers/STM32F4xx_HAL_Driver/Src/stm32f4xx_hal_tim_ex.c.obj
 .debug_info    0x00013d79     0x4116 CMakeFiles/untitled2.elf.dir/Drivers/STM32F4xx_HAL_Driver/Src/stm32f4xx_hal_uart.c.obj

.debug_abbrev   0x00000000     0x335e
 .debug_abbrev  0x00000000      0x230 CMakeFiles/untitled2.elf.dir/Core/Src/adc.c.obj
 .debug_abbrev  0x00000230      0x252 CMakeFiles/untitled2.elf.dir/Core/Src/can.c.obj
 .debug_abbrev  0x00000482      0x12b CMakeFiles/untitled2.elf.dir/Core/Src/dma.c.obj
 .debug_abbrev  0x000005ad      0x164 CMakeFiles/untitled2.elf.dir/Core/Src/gpio.c.obj
 .debug_abbrev  0x00000711      0x1e8 CMakeFiles/untitled2.elf.dir/Core/Src/main.c.obj
 .debug_abbrev  0x000008f9      0x211 CMakeFiles/untitled2.elf.dir/Core/Src/spi.c.obj
 .debug_abbrev  0x00000b0a       0xd6 CMakeFiles/untitled2.elf.dir/Core/Src/stm32f4xx_hal_msp.c.obj
 .debug_abbrev  0x00000be0      0x1e9 CMakeFiles/untitled2.elf.dir/Core/Src/stm32f4xx_it.c.obj
 .debug_abbrev  0x00000dc9      0x120 CMakeFiles/untitled2.elf.dir/Core/Src/system_stm32f4xx.c.obj
 .debug_abbrev  0x00000ee9      0x265 CMakeFiles/untitled2.elf.dir/Core/Src/tim.c.obj
 .debug_abbrev  0x0000114e      0x256 CMakeFiles/untitled2.elf.dir/Core/Src/usart.c.obj
 .debug_abbrev  0x000013a4       0x24 CMakeFiles/untitled2.elf.dir/Core/Startup/startup_stm32f407ighx.s.obj
 .debug_abbrev  0x000013c8      0x23f CMakeFiles/untitled2.elf.dir/Drivers/STM32F4xx_HAL_Driver/Src/stm32f4xx_hal.c.obj
 .debug_abbrev  0x00001607      0x278 CMakeFiles/untitled2.elf.dir/Drivers/STM32F4xx_HAL_Driver/Src/stm32f4xx_hal_adc.c.obj
 .debug_abbrev  0x0000187f      0x2d5 CMakeFiles/untitled2.elf.dir/Drivers/STM32F4xx_HAL_Driver/Src/stm32f4xx_hal_adc_ex.c.obj
 .debug_abbrev  0x00001b54      0x26a CMakeFiles/untitled2.elf.dir/Drivers/STM32F4xx_HAL_Driver/Src/stm32f4xx_hal_can.c.obj
 .debug_abbrev  0x00001dbe      0x39b CMakeFiles/untitled2.elf.dir/Drivers/STM32F4xx_HAL_Driver/Src/stm32f4xx_hal_cortex.c.obj
 .debug_abbrev  0x00002159      0x2c0 CMakeFiles/untitled2.elf.dir/Drivers/STM32F4xx_HAL_Driver/Src/stm32f4xx_hal_dma.c.obj
 .debug_abbrev  0x00002419      0x202 CMakeFiles/untitled2.elf.dir/Drivers/STM32F4xx_HAL_Driver/Src/stm32f4xx_hal_gpio.c.obj
 .debug_abbrev  0x0000261b      0x2c6 CMakeFiles/untitled2.elf.dir/Drivers/STM32F4xx_HAL_Driver/Src/stm32f4xx_hal_rcc.c.obj
 .debug_abbrev  0x000028e1      0x27c CMakeFiles/untitled2.elf.dir/Drivers/STM32F4xx_HAL_Driver/Src/stm32f4xx_hal_spi.c.obj
 .debug_abbrev  0x00002b5d      0x26a CMakeFiles/untitled2.elf.dir/Drivers/STM32F4xx_HAL_Driver/Src/stm32f4xx_hal_tim.c.obj
 .debug_abbrev  0x00002dc7      0x268 CMakeFiles/untitled2.elf.dir/Drivers/STM32F4xx_HAL_Driver/Src/stm32f4xx_hal_tim_ex.c.obj
 .debug_abbrev  0x0000302f      0x32f CMakeFiles/untitled2.elf.dir/Drivers/STM32F4xx_HAL_Driver/Src/stm32f4xx_hal_uart.c.obj

.debug_loclists
                0x00000000     0xc565
 .debug_loclists
                0x00000000       0x74 CMakeFiles/untitled2.elf.dir/Core/Src/adc.c.obj
 .debug_loclists
                0x00000074       0xaf CMakeFiles/untitled2.elf.dir/Core/Src/can.c.obj
 .debug_loclists
                0x00000123       0x75 CMakeFiles/untitled2.elf.dir/Core/Src/spi.c.obj
 .debug_loclists
                0x00000198       0xfa CMakeFiles/untitled2.elf.dir/Core/Src/system_stm32f4xx.c.obj
 .debug_loclists
                0x00000292       0x90 CMakeFiles/untitled2.elf.dir/Core/Src/tim.c.obj
 .debug_loclists
                0x00000322       0x94 CMakeFiles/untitled2.elf.dir/Core/Src/usart.c.obj
 .debug_loclists
                0x000003b6       0xe1 CMakeFiles/untitled2.elf.dir/Drivers/STM32F4xx_HAL_Driver/Src/stm32f4xx_hal.c.obj
 .debug_loclists
                0x00000497      0x920 CMakeFiles/untitled2.elf.dir/Drivers/STM32F4xx_HAL_Driver/Src/stm32f4xx_hal_adc.c.obj
 .debug_loclists
                0x00000db7      0x815 CMakeFiles/untitled2.elf.dir/Drivers/STM32F4xx_HAL_Driver/Src/stm32f4xx_hal_adc_ex.c.obj
 .debug_loclists
                0x000015cc      0xa64 CMakeFiles/untitled2.elf.dir/Drivers/STM32F4xx_HAL_Driver/Src/stm32f4xx_hal_can.c.obj
 .debug_loclists
                0x00002030      0x54d CMakeFiles/untitled2.elf.dir/Drivers/STM32F4xx_HAL_Driver/Src/stm32f4xx_hal_cortex.c.obj
 .debug_loclists
                0x0000257d      0x88a CMakeFiles/untitled2.elf.dir/Drivers/STM32F4xx_HAL_Driver/Src/stm32f4xx_hal_dma.c.obj
 .debug_loclists
                0x00002e07      0x386 CMakeFiles/untitled2.elf.dir/Drivers/STM32F4xx_HAL_Driver/Src/stm32f4xx_hal_gpio.c.obj
 .debug_loclists
                0x0000318d      0x3e5 CMakeFiles/untitled2.elf.dir/Drivers/STM32F4xx_HAL_Driver/Src/stm32f4xx_hal_rcc.c.obj
 .debug_loclists
                0x00003572     0x166b CMakeFiles/untitled2.elf.dir/Drivers/STM32F4xx_HAL_Driver/Src/stm32f4xx_hal_spi.c.obj
 .debug_loclists
                0x00004bdd     0x378e CMakeFiles/untitled2.elf.dir/Drivers/STM32F4xx_HAL_Driver/Src/stm32f4xx_hal_tim.c.obj
 .debug_loclists
                0x0000836b     0x139d CMakeFiles/untitled2.elf.dir/Drivers/STM32F4xx_HAL_Driver/Src/stm32f4xx_hal_tim_ex.c.obj
 .debug_loclists
                0x00009708     0x2e5d CMakeFiles/untitled2.elf.dir/Drivers/STM32F4xx_HAL_Driver/Src/stm32f4xx_hal_uart.c.obj

.debug_aranges  0x00000000     0x11a0
 .debug_aranges
                0x00000000       0x30 CMakeFiles/untitled2.elf.dir/Core/Src/adc.c.obj
 .debug_aranges
                0x00000030       0x38 CMakeFiles/untitled2.elf.dir/Core/Src/can.c.obj
 .debug_aranges
                0x00000068       0x20 CMakeFiles/untitled2.elf.dir/Core/Src/dma.c.obj
 .debug_aranges
                0x00000088       0x20 CMakeFiles/untitled2.elf.dir/Core/Src/gpio.c.obj
 .debug_aranges
                0x000000a8       0x30 CMakeFiles/untitled2.elf.dir/Core/Src/main.c.obj
 .debug_aranges
                0x000000d8       0x30 CMakeFiles/untitled2.elf.dir/Core/Src/spi.c.obj
 .debug_aranges
                0x00000108       0x20 CMakeFiles/untitled2.elf.dir/Core/Src/stm32f4xx_hal_msp.c.obj
 .debug_aranges
                0x00000128       0x98 CMakeFiles/untitled2.elf.dir/Core/Src/stm32f4xx_it.c.obj
 .debug_aranges
                0x000001c0       0x28 CMakeFiles/untitled2.elf.dir/Core/Src/system_stm32f4xx.c.obj
 .debug_aranges
                0x000001e8       0x60 CMakeFiles/untitled2.elf.dir/Core/Src/tim.c.obj
 .debug_aranges
                0x00000248       0x40 CMakeFiles/untitled2.elf.dir/Core/Src/usart.c.obj
 .debug_aranges
                0x00000288       0x28 CMakeFiles/untitled2.elf.dir/Core/Startup/startup_stm32f407ighx.s.obj
 .debug_aranges
                0x000002b0       0xf0 CMakeFiles/untitled2.elf.dir/Drivers/STM32F4xx_HAL_Driver/Src/stm32f4xx_hal.c.obj
 .debug_aranges
                0x000003a0       0xe8 CMakeFiles/untitled2.elf.dir/Drivers/STM32F4xx_HAL_Driver/Src/stm32f4xx_hal_adc.c.obj
 .debug_aranges
                0x00000488       0x90 CMakeFiles/untitled2.elf.dir/Drivers/STM32F4xx_HAL_Driver/Src/stm32f4xx_hal_adc_ex.c.obj
 .debug_aranges
                0x00000518      0x138 CMakeFiles/untitled2.elf.dir/Drivers/STM32F4xx_HAL_Driver/Src/stm32f4xx_hal_can.c.obj
 .debug_aranges
                0x00000650       0xd8 CMakeFiles/untitled2.elf.dir/Drivers/STM32F4xx_HAL_Driver/Src/stm32f4xx_hal_cortex.c.obj
 .debug_aranges
                0x00000728       0x90 CMakeFiles/untitled2.elf.dir/Drivers/STM32F4xx_HAL_Driver/Src/stm32f4xx_hal_dma.c.obj
 .debug_aranges
                0x000007b8       0x58 CMakeFiles/untitled2.elf.dir/Drivers/STM32F4xx_HAL_Driver/Src/stm32f4xx_hal_gpio.c.obj
 .debug_aranges
                0x00000810       0x88 CMakeFiles/untitled2.elf.dir/Drivers/STM32F4xx_HAL_Driver/Src/stm32f4xx_hal_rcc.c.obj
 .debug_aranges
                0x00000898      0x1d0 CMakeFiles/untitled2.elf.dir/Drivers/STM32F4xx_HAL_Driver/Src/stm32f4xx_hal_spi.c.obj
 .debug_aranges
                0x00000a68      0x3d0 CMakeFiles/untitled2.elf.dir/Drivers/STM32F4xx_HAL_Driver/Src/stm32f4xx_hal_tim.c.obj
 .debug_aranges
                0x00000e38      0x168 CMakeFiles/untitled2.elf.dir/Drivers/STM32F4xx_HAL_Driver/Src/stm32f4xx_hal_tim_ex.c.obj
 .debug_aranges
                0x00000fa0      0x200 CMakeFiles/untitled2.elf.dir/Drivers/STM32F4xx_HAL_Driver/Src/stm32f4xx_hal_uart.c.obj

.debug_rnglists
                0x00000000      0xd6a
 .debug_rnglists
                0x00000000       0x1f CMakeFiles/untitled2.elf.dir/Core/Src/adc.c.obj
 .debug_rnglists
                0x0000001f       0x27 CMakeFiles/untitled2.elf.dir/Core/Src/can.c.obj
 .debug_rnglists
                0x00000046       0x13 CMakeFiles/untitled2.elf.dir/Core/Src/dma.c.obj
 .debug_rnglists
                0x00000059       0x14 CMakeFiles/untitled2.elf.dir/Core/Src/gpio.c.obj
 .debug_rnglists
                0x0000006d       0x20 CMakeFiles/untitled2.elf.dir/Core/Src/main.c.obj
 .debug_rnglists
                0x0000008d       0x20 CMakeFiles/untitled2.elf.dir/Core/Src/spi.c.obj
 .debug_rnglists
                0x000000ad       0x13 CMakeFiles/untitled2.elf.dir/Core/Src/stm32f4xx_hal_msp.c.obj
 .debug_rnglists
                0x000000c0       0x6d CMakeFiles/untitled2.elf.dir/Core/Src/stm32f4xx_it.c.obj
 .debug_rnglists
                0x0000012d       0x1a CMakeFiles/untitled2.elf.dir/Core/Src/system_stm32f4xx.c.obj
 .debug_rnglists
                0x00000147       0x4a CMakeFiles/untitled2.elf.dir/Core/Src/tim.c.obj
 .debug_rnglists
                0x00000191       0x2d CMakeFiles/untitled2.elf.dir/Core/Src/usart.c.obj
 .debug_rnglists
                0x000001be       0x19 CMakeFiles/untitled2.elf.dir/Core/Startup/startup_stm32f407ighx.s.obj
 .debug_rnglists
                0x000001d7       0xaf CMakeFiles/untitled2.elf.dir/Drivers/STM32F4xx_HAL_Driver/Src/stm32f4xx_hal.c.obj
 .debug_rnglists
                0x00000286       0xb0 CMakeFiles/untitled2.elf.dir/Drivers/STM32F4xx_HAL_Driver/Src/stm32f4xx_hal_adc.c.obj
 .debug_rnglists
                0x00000336       0x6c CMakeFiles/untitled2.elf.dir/Drivers/STM32F4xx_HAL_Driver/Src/stm32f4xx_hal_adc_ex.c.obj
 .debug_rnglists
                0x000003a2       0xea CMakeFiles/untitled2.elf.dir/Drivers/STM32F4xx_HAL_Driver/Src/stm32f4xx_hal_can.c.obj
 .debug_rnglists
                0x0000048c       0x9d CMakeFiles/untitled2.elf.dir/Drivers/STM32F4xx_HAL_Driver/Src/stm32f4xx_hal_cortex.c.obj
 .debug_rnglists
                0x00000529       0x6c CMakeFiles/untitled2.elf.dir/Drivers/STM32F4xx_HAL_Driver/Src/stm32f4xx_hal_dma.c.obj
 .debug_rnglists
                0x00000595       0x3f CMakeFiles/untitled2.elf.dir/Drivers/STM32F4xx_HAL_Driver/Src/stm32f4xx_hal_gpio.c.obj
 .debug_rnglists
                0x000005d4       0x75 CMakeFiles/untitled2.elf.dir/Drivers/STM32F4xx_HAL_Driver/Src/stm32f4xx_hal_rcc.c.obj
 .debug_rnglists
                0x00000649      0x169 CMakeFiles/untitled2.elf.dir/Drivers/STM32F4xx_HAL_Driver/Src/stm32f4xx_hal_spi.c.obj
 .debug_rnglists
                0x000007b2      0x302 CMakeFiles/untitled2.elf.dir/Drivers/STM32F4xx_HAL_Driver/Src/stm32f4xx_hal_tim.c.obj
 .debug_rnglists
                0x00000ab4      0x11b CMakeFiles/untitled2.elf.dir/Drivers/STM32F4xx_HAL_Driver/Src/stm32f4xx_hal_tim_ex.c.obj
 .debug_rnglists
                0x00000bcf      0x19b CMakeFiles/untitled2.elf.dir/Drivers/STM32F4xx_HAL_Driver/Src/stm32f4xx_hal_uart.c.obj

.debug_line     0x00000000    0x15c6a
 .debug_line    0x00000000      0x481 CMakeFiles/untitled2.elf.dir/Core/Src/adc.c.obj
 .debug_line    0x00000481      0x583 CMakeFiles/untitled2.elf.dir/Core/Src/can.c.obj
 .debug_line    0x00000a04      0x2ae CMakeFiles/untitled2.elf.dir/Core/Src/dma.c.obj
 .debug_line    0x00000cb2      0x35c CMakeFiles/untitled2.elf.dir/Core/Src/gpio.c.obj
 .debug_line    0x0000100e      0x4b0 CMakeFiles/untitled2.elf.dir/Core/Src/main.c.obj
 .debug_line    0x000014be      0x464 CMakeFiles/untitled2.elf.dir/Core/Src/spi.c.obj
 .debug_line    0x00001922      0x259 CMakeFiles/untitled2.elf.dir/Core/Src/stm32f4xx_hal_msp.c.obj
 .debug_line    0x00001b7b      0x474 CMakeFiles/untitled2.elf.dir/Core/Src/stm32f4xx_it.c.obj
 .debug_line    0x00001fef      0x320 CMakeFiles/untitled2.elf.dir/Core/Src/system_stm32f4xx.c.obj
 .debug_line    0x0000230f      0xb63 CMakeFiles/untitled2.elf.dir/Core/Src/tim.c.obj
 .debug_line    0x00002e72      0x76d CMakeFiles/untitled2.elf.dir/Core/Src/usart.c.obj
 .debug_line    0x000035df       0x7a CMakeFiles/untitled2.elf.dir/Core/Startup/startup_stm32f407ighx.s.obj
 .debug_line    0x00003659      0x6b7 CMakeFiles/untitled2.elf.dir/Drivers/STM32F4xx_HAL_Driver/Src/stm32f4xx_hal.c.obj
 .debug_line    0x00003d10     0x11aa CMakeFiles/untitled2.elf.dir/Drivers/STM32F4xx_HAL_Driver/Src/stm32f4xx_hal_adc.c.obj
 .debug_line    0x00004eba      0xd0f CMakeFiles/untitled2.elf.dir/Drivers/STM32F4xx_HAL_Driver/Src/stm32f4xx_hal_adc_ex.c.obj
 .debug_line    0x00005bc9     0x1278 CMakeFiles/untitled2.elf.dir/Drivers/STM32F4xx_HAL_Driver/Src/stm32f4xx_hal_can.c.obj
 .debug_line    0x00006e41      0x938 CMakeFiles/untitled2.elf.dir/Drivers/STM32F4xx_HAL_Driver/Src/stm32f4xx_hal_cortex.c.obj
 .debug_line    0x00007779      0xf5c CMakeFiles/untitled2.elf.dir/Drivers/STM32F4xx_HAL_Driver/Src/stm32f4xx_hal_dma.c.obj
 .debug_line    0x000086d5      0x81e CMakeFiles/untitled2.elf.dir/Drivers/STM32F4xx_HAL_Driver/Src/stm32f4xx_hal_gpio.c.obj
 .debug_line    0x00008ef3      0xcad CMakeFiles/untitled2.elf.dir/Drivers/STM32F4xx_HAL_Driver/Src/stm32f4xx_hal_rcc.c.obj
 .debug_line    0x00009ba0     0x2575 CMakeFiles/untitled2.elf.dir/Drivers/STM32F4xx_HAL_Driver/Src/stm32f4xx_hal_spi.c.obj
 .debug_line    0x0000c115     0x4860 CMakeFiles/untitled2.elf.dir/Drivers/STM32F4xx_HAL_Driver/Src/stm32f4xx_hal_tim.c.obj
 .debug_line    0x00010975     0x1bf6 CMakeFiles/untitled2.elf.dir/Drivers/STM32F4xx_HAL_Driver/Src/stm32f4xx_hal_tim_ex.c.obj
 .debug_line    0x0001256b     0x36ff CMakeFiles/untitled2.elf.dir/Drivers/STM32F4xx_HAL_Driver/Src/stm32f4xx_hal_uart.c.obj

.debug_str      0x00000000     0x5647
 .debug_str     0x00000000     0x5647 CMakeFiles/untitled2.elf.dir/Core/Src/adc.c.obj
                                0xd5d (size before relaxing)
 .debug_str     0x00005647      0xbd9 CMakeFiles/untitled2.elf.dir/Core/Src/can.c.obj
 .debug_str     0x00005647      0x809 CMakeFiles/untitled2.elf.dir/Core/Src/dma.c.obj
 .debug_str     0x00005647      0x3b6 CMakeFiles/untitled2.elf.dir/Core/Src/gpio.c.obj
 .debug_str     0x00005647      0x594 CMakeFiles/untitled2.elf.dir/Core/Src/main.c.obj
 .debug_str     0x00005647      0x843 CMakeFiles/untitled2.elf.dir/Core/Src/spi.c.obj
 .debug_str     0x00005647      0x2f7 CMakeFiles/untitled2.elf.dir/Core/Src/stm32f4xx_hal_msp.c.obj
 .debug_str     0x00005647      0x9c5 CMakeFiles/untitled2.elf.dir/Core/Src/stm32f4xx_it.c.obj
 .debug_str     0x00005647      0x35d CMakeFiles/untitled2.elf.dir/Core/Src/system_stm32f4xx.c.obj
 .debug_str     0x00005647      0xc8c CMakeFiles/untitled2.elf.dir/Core/Src/tim.c.obj
 .debug_str     0x00005647      0x8d8 CMakeFiles/untitled2.elf.dir/Core/Src/usart.c.obj
 .debug_str     0x00005647       0xad CMakeFiles/untitled2.elf.dir/Core/Startup/startup_stm32f407ighx.s.obj
 .debug_str     0x00005647      0xba0 CMakeFiles/untitled2.elf.dir/Drivers/STM32F4xx_HAL_Driver/Src/stm32f4xx_hal.c.obj
 .debug_str     0x00005647      0x99e CMakeFiles/untitled2.elf.dir/Drivers/STM32F4xx_HAL_Driver/Src/stm32f4xx_hal_adc.c.obj
 .debug_str     0x00005647      0x9f2 CMakeFiles/untitled2.elf.dir/Drivers/STM32F4xx_HAL_Driver/Src/stm32f4xx_hal_adc_ex.c.obj
 .debug_str     0x00005647      0xa87 CMakeFiles/untitled2.elf.dir/Drivers/STM32F4xx_HAL_Driver/Src/stm32f4xx_hal_can.c.obj
 .debug_str     0x00005647      0xc68 CMakeFiles/untitled2.elf.dir/Drivers/STM32F4xx_HAL_Driver/Src/stm32f4xx_hal_cortex.c.obj
 .debug_str     0x00005647      0x7b2 CMakeFiles/untitled2.elf.dir/Drivers/STM32F4xx_HAL_Driver/Src/stm32f4xx_hal_dma.c.obj
 .debug_str     0x00005647      0x51c CMakeFiles/untitled2.elf.dir/Drivers/STM32F4xx_HAL_Driver/Src/stm32f4xx_hal_gpio.c.obj
 .debug_str     0x00005647      0x742 CMakeFiles/untitled2.elf.dir/Drivers/STM32F4xx_HAL_Driver/Src/stm32f4xx_hal_rcc.c.obj
 .debug_str     0x00005647      0xc36 CMakeFiles/untitled2.elf.dir/Drivers/STM32F4xx_HAL_Driver/Src/stm32f4xx_hal_spi.c.obj
 .debug_str     0x00005647     0x172b CMakeFiles/untitled2.elf.dir/Drivers/STM32F4xx_HAL_Driver/Src/stm32f4xx_hal_tim.c.obj
 .debug_str     0x00005647      0xf47 CMakeFiles/untitled2.elf.dir/Drivers/STM32F4xx_HAL_Driver/Src/stm32f4xx_hal_tim_ex.c.obj
 .debug_str     0x00005647      0xd95 CMakeFiles/untitled2.elf.dir/Drivers/STM32F4xx_HAL_Driver/Src/stm32f4xx_hal_uart.c.obj

.comment        0x00000000       0x44
 .comment       0x00000000       0x44 CMakeFiles/untitled2.elf.dir/Core/Src/adc.c.obj
                                 0x45 (size before relaxing)
 .comment       0x00000044       0x45 CMakeFiles/untitled2.elf.dir/Core/Src/can.c.obj
 .comment       0x00000044       0x45 CMakeFiles/untitled2.elf.dir/Core/Src/dma.c.obj
 .comment       0x00000044       0x45 CMakeFiles/untitled2.elf.dir/Core/Src/gpio.c.obj
 .comment       0x00000044       0x45 CMakeFiles/untitled2.elf.dir/Core/Src/main.c.obj
 .comment       0x00000044       0x45 CMakeFiles/untitled2.elf.dir/Core/Src/spi.c.obj
 .comment       0x00000044       0x45 CMakeFiles/untitled2.elf.dir/Core/Src/stm32f4xx_hal_msp.c.obj
 .comment       0x00000044       0x45 CMakeFiles/untitled2.elf.dir/Core/Src/stm32f4xx_it.c.obj
 .comment       0x00000044       0x45 CMakeFiles/untitled2.elf.dir/Core/Src/system_stm32f4xx.c.obj
 .comment       0x00000044       0x45 CMakeFiles/untitled2.elf.dir/Core/Src/tim.c.obj
 .comment       0x00000044       0x45 CMakeFiles/untitled2.elf.dir/Core/Src/usart.c.obj
 .comment       0x00000044       0x45 CMakeFiles/untitled2.elf.dir/Drivers/STM32F4xx_HAL_Driver/Src/stm32f4xx_hal.c.obj
 .comment       0x00000044       0x45 CMakeFiles/untitled2.elf.dir/Drivers/STM32F4xx_HAL_Driver/Src/stm32f4xx_hal_adc.c.obj
 .comment       0x00000044       0x45 CMakeFiles/untitled2.elf.dir/Drivers/STM32F4xx_HAL_Driver/Src/stm32f4xx_hal_adc_ex.c.obj
 .comment       0x00000044       0x45 CMakeFiles/untitled2.elf.dir/Drivers/STM32F4xx_HAL_Driver/Src/stm32f4xx_hal_can.c.obj
 .comment       0x00000044       0x45 CMakeFiles/untitled2.elf.dir/Drivers/STM32F4xx_HAL_Driver/Src/stm32f4xx_hal_cortex.c.obj
 .comment       0x00000044       0x45 CMakeFiles/untitled2.elf.dir/Drivers/STM32F4xx_HAL_Driver/Src/stm32f4xx_hal_dma.c.obj
 .comment       0x00000044       0x45 CMakeFiles/untitled2.elf.dir/Drivers/STM32F4xx_HAL_Driver/Src/stm32f4xx_hal_gpio.c.obj
 .comment       0x00000044       0x45 CMakeFiles/untitled2.elf.dir/Drivers/STM32F4xx_HAL_Driver/Src/stm32f4xx_hal_rcc.c.obj
 .comment       0x00000044       0x45 CMakeFiles/untitled2.elf.dir/Drivers/STM32F4xx_HAL_Driver/Src/stm32f4xx_hal_spi.c.obj
 .comment       0x00000044       0x45 CMakeFiles/untitled2.elf.dir/Drivers/STM32F4xx_HAL_Driver/Src/stm32f4xx_hal_tim.c.obj
 .comment       0x00000044       0x45 CMakeFiles/untitled2.elf.dir/Drivers/STM32F4xx_HAL_Driver/Src/stm32f4xx_hal_tim_ex.c.obj
 .comment       0x00000044       0x45 CMakeFiles/untitled2.elf.dir/Drivers/STM32F4xx_HAL_Driver/Src/stm32f4xx_hal_uart.c.obj

.debug_frame    0x00000000     0x3084
 .debug_frame   0x00000000       0x68 CMakeFiles/untitled2.elf.dir/Core/Src/adc.c.obj
 .debug_frame   0x00000068       0x78 CMakeFiles/untitled2.elf.dir/Core/Src/can.c.obj
 .debug_frame   0x000000e0       0x30 CMakeFiles/untitled2.elf.dir/Core/Src/dma.c.obj
 .debug_frame   0x00000110       0x38 CMakeFiles/untitled2.elf.dir/Core/Src/gpio.c.obj
 .debug_frame   0x00000148       0x58 CMakeFiles/untitled2.elf.dir/Core/Src/main.c.obj
 .debug_frame   0x000001a0       0x68 CMakeFiles/untitled2.elf.dir/Core/Src/spi.c.obj
 .debug_frame   0x00000208       0x28 CMakeFiles/untitled2.elf.dir/Core/Src/stm32f4xx_hal_msp.c.obj
 .debug_frame   0x00000230      0x150 CMakeFiles/untitled2.elf.dir/Core/Src/stm32f4xx_it.c.obj
 .debug_frame   0x00000380       0x30 CMakeFiles/untitled2.elf.dir/Core/Src/system_stm32f4xx.c.obj
 .debug_frame   0x000003b0      0x128 CMakeFiles/untitled2.elf.dir/Core/Src/tim.c.obj
 .debug_frame   0x000004d8       0x98 CMakeFiles/untitled2.elf.dir/Core/Src/usart.c.obj
 .debug_frame   0x00000570      0x1ec CMakeFiles/untitled2.elf.dir/Drivers/STM32F4xx_HAL_Driver/Src/stm32f4xx_hal.c.obj
 .debug_frame   0x0000075c      0x268 CMakeFiles/untitled2.elf.dir/Drivers/STM32F4xx_HAL_Driver/Src/stm32f4xx_hal_adc.c.obj
 .debug_frame   0x000009c4      0x18c CMakeFiles/untitled2.elf.dir/Drivers/STM32F4xx_HAL_Driver/Src/stm32f4xx_hal_adc_ex.c.obj
 .debug_frame   0x00000b50      0x2d0 CMakeFiles/untitled2.elf.dir/Drivers/STM32F4xx_HAL_Driver/Src/stm32f4xx_hal_can.c.obj
 .debug_frame   0x00000e20      0x1cc CMakeFiles/untitled2.elf.dir/Drivers/STM32F4xx_HAL_Driver/Src/stm32f4xx_hal_cortex.c.obj
 .debug_frame   0x00000fec      0x188 CMakeFiles/untitled2.elf.dir/Drivers/STM32F4xx_HAL_Driver/Src/stm32f4xx_hal_dma.c.obj
 .debug_frame   0x00001174       0xd4 CMakeFiles/untitled2.elf.dir/Drivers/STM32F4xx_HAL_Driver/Src/stm32f4xx_hal_gpio.c.obj
 .debug_frame   0x00001248      0x16c CMakeFiles/untitled2.elf.dir/Drivers/STM32F4xx_HAL_Driver/Src/stm32f4xx_hal_rcc.c.obj
 .debug_frame   0x000013b4      0x5a4 CMakeFiles/untitled2.elf.dir/Drivers/STM32F4xx_HAL_Driver/Src/stm32f4xx_hal_spi.c.obj
 .debug_frame   0x00001958      0xb04 CMakeFiles/untitled2.elf.dir/Drivers/STM32F4xx_HAL_Driver/Src/stm32f4xx_hal_tim.c.obj
 .debug_frame   0x0000245c      0x418 CMakeFiles/untitled2.elf.dir/Drivers/STM32F4xx_HAL_Driver/Src/stm32f4xx_hal_tim_ex.c.obj
 .debug_frame   0x00002874      0x5c4 CMakeFiles/untitled2.elf.dir/Drivers/STM32F4xx_HAL_Driver/Src/stm32f4xx_hal_uart.c.obj
 .debug_frame   0x00002e38       0x2c C:/Users/52716/Downloads/arm-gnu-toolchain-13.2.rel1-mingw-w64-i686-arm-none-eabi/arm-gnu-toolchain-13.2.Rel1-mingw-w64-i686-arm-none-eabi/bin/../lib/gcc/arm-none-eabi/13.2.1/thumb/v7e-m/nofp\libgcc.a(_aeabi_uldivmod.o)
 .debug_frame   0x00002e64       0x34 C:/Users/52716/Downloads/arm-gnu-toolchain-13.2.rel1-mingw-w64-i686-arm-none-eabi/arm-gnu-toolchain-13.2.Rel1-mingw-w64-i686-arm-none-eabi/bin/../lib/gcc/arm-none-eabi/13.2.1/thumb/v7e-m/nofp\libgcc.a(_udivmoddi4.o)
 .debug_frame   0x00002e98       0x2c C:/Users/52716/Downloads/arm-gnu-toolchain-13.2.rel1-mingw-w64-i686-arm-none-eabi/arm-gnu-toolchain-13.2.Rel1-mingw-w64-i686-arm-none-eabi/bin/../lib/gcc/arm-none-eabi/13.2.1/thumb/v7e-m/nofp\libg.a(libc_a-memset.o)
 .debug_frame   0x00002ec4       0x2c C:/Users/52716/Downloads/arm-gnu-toolchain-13.2.rel1-mingw-w64-i686-arm-none-eabi/arm-gnu-toolchain-13.2.Rel1-mingw-w64-i686-arm-none-eabi/bin/../lib/gcc/arm-none-eabi/13.2.1/thumb/v7e-m/nofp\libg.a(libc_a-init.o)
 .debug_frame   0x00002ef0       0xb0 C:/Users/52716/Downloads/arm-gnu-toolchain-13.2.rel1-mingw-w64-i686-arm-none-eabi/arm-gnu-toolchain-13.2.Rel1-mingw-w64-i686-arm-none-eabi/bin/../lib/gcc/arm-none-eabi/13.2.1/thumb/v7e-m/nofp\libg.a(libc_a-lock.o)
 .debug_frame   0x00002fa0       0x5c C:/Users/52716/Downloads/arm-gnu-toolchain-13.2.rel1-mingw-w64-i686-arm-none-eabi/arm-gnu-toolchain-13.2.Rel1-mingw-w64-i686-arm-none-eabi/bin/../lib/gcc/arm-none-eabi/13.2.1/thumb/v7e-m/nofp\libg.a(libc_a-__call_atexit.o)
 .debug_frame   0x00002ffc       0x20 C:/Users/52716/Downloads/arm-gnu-toolchain-13.2.rel1-mingw-w64-i686-arm-none-eabi/arm-gnu-toolchain-13.2.Rel1-mingw-w64-i686-arm-none-eabi/bin/../lib/gcc/arm-none-eabi/13.2.1/thumb/v7e-m/nofp\libg.a(libc_a-atexit.o)
 .debug_frame   0x0000301c       0x34 C:/Users/52716/Downloads/arm-gnu-toolchain-13.2.rel1-mingw-w64-i686-arm-none-eabi/arm-gnu-toolchain-13.2.Rel1-mingw-w64-i686-arm-none-eabi/bin/../lib/gcc/arm-none-eabi/13.2.1/thumb/v7e-m/nofp\libg.a(libc_a-fini.o)
 .debug_frame   0x00003050       0x34 C:/Users/52716/Downloads/arm-gnu-toolchain-13.2.rel1-mingw-w64-i686-arm-none-eabi/arm-gnu-toolchain-13.2.Rel1-mingw-w64-i686-arm-none-eabi/bin/../lib/gcc/arm-none-eabi/13.2.1/thumb/v7e-m/nofp\libg.a(libc_a-__atexit.o)

.debug_line_str
                0x00000000      0x163
 .debug_line_str
                0x00000000      0x163 CMakeFiles/untitled2.elf.dir/Core/Startup/startup_stm32f407ighx.s.obj
                                 0x91 (size before relaxing)
 .debug_line_str
                0x00000163       0xc6 C:/Users/52716/Downloads/arm-gnu-toolchain-13.2.rel1-mingw-w64-i686-arm-none-eabi/arm-gnu-toolchain-13.2.Rel1-mingw-w64-i686-arm-none-eabi/bin/../lib/gcc/arm-none-eabi/13.2.1/thumb/v7e-m/nofp\libgcc.a(_aeabi_uldivmod.o)
 .debug_line_str
                0x00000163       0xca C:/Users/52716/Downloads/arm-gnu-toolchain-13.2.rel1-mingw-w64-i686-arm-none-eabi/arm-gnu-toolchain-13.2.Rel1-mingw-w64-i686-arm-none-eabi/bin/../lib/gcc/arm-none-eabi/13.2.1/thumb/v7e-m/nofp\libgcc.a(_dvmd_tls.o)
